Archive member included to satisfy reference by file (symbol)

C:/ST/STM32CubeIDE_1.15.0/STM32CubeIDE/plugins/com.st.stm32cube.ide.mcu.externaltools.gnu-tools-for-stm32.14.3.rel1.win32_1.0.100.202602081740/tools/bin/../lib/gcc/arm-none-eabi/14.3.1/../../../../arm-none-eabi/lib/thumb/v7e-m+dp/hard\libc_nano.a(libc_a-assert.o)
                              ./Core/Src/fsk.o (__assert_func)
C:/ST/STM32CubeIDE_1.15.0/STM32CubeIDE/plugins/com.st.stm32cube.ide.mcu.externaltools.gnu-tools-for-stm32.14.3.rel1.win32_1.0.100.202602081740/tools/bin/../lib/gcc/arm-none-eabi/14.3.1/../../../../arm-none-eabi/lib/thumb/v7e-m+dp/hard\libc_nano.a(libc_a-atoi.o)
                              ./Middlewares/Third_Party/LwIP/netif.o (atoi)
C:/ST/STM32CubeIDE_1.15.0/STM32CubeIDE/plugins/com.st.stm32cube.ide.mcu.externaltools.gnu-tools-for-stm32.14.3.rel1.win32_1.0.100.202602081740/tools/bin/../lib/gcc/arm-none-eabi/14.3.1/../../../../arm-none-eabi/lib/thumb/v7e-m+dp/hard\libc_nano.a(libc_a-exit.o)
                              C:/ST/STM32CubeIDE_1.15.0/STM32CubeIDE/plugins/com.st.stm32cube.ide.mcu.externaltools.gnu-tools-for-stm32.14.3.rel1.win32_1.0.100.202602081740/tools/bin/../lib/gcc/arm-none-eabi/14.3.1/../../../../arm-none-eabi/lib/thumb/v7e-m+dp/hard/crt0.o (exit)
C:/ST/STM32CubeIDE_1.15.0/STM32CubeIDE/plugins/com.st.stm32cube.ide.mcu.externaltools.gnu-tools-for-stm32.14.3.rel1.win32_1.0.100.202602081740/tools/bin/../lib/gcc/arm-none-eabi/14.3.1/../../../../arm-none-eabi/lib/thumb/v7e-m+dp/hard\libc_nano.a(libc_a-rand.o)
                              ./Middlewares/Third_Party/LwIP/tcp.o (rand)
C:/ST/STM32CubeIDE_1.15.0/STM32CubeIDE/plugins/com.st.stm32cube.ide.mcu.externaltools.gnu-tools-for-stm32.14.3.rel1.win32_1.0.100.202602081740/tools/bin/../lib/gcc/arm-none-eabi/14.3.1/../../../../arm-none-eabi/lib/thumb/v7e-m+dp/hard\libc_nano.a(libc_a-strtol.o)
                              C:/ST/STM32CubeIDE_1.15.0/STM32CubeIDE/plugins/com.st.stm32cube.ide.mcu.externaltools.gnu-tools-for-stm32.14.3.rel1.win32_1.0.100.202602081740/tools/bin/../lib/gcc/arm-none-eabi/14.3.1/../../../../arm-none-eabi/lib/thumb/v7e-m+dp/hard\libc_nano.a(libc_a-atoi.o) (_strtol_r)
C:/ST/STM32CubeIDE_1.15.0/STM32CubeIDE/plugins/com.st.stm32cube.ide.mcu.externaltools.gnu-tools-for-stm32.14.3.rel1.win32_1.0.100.202602081740/tools/bin/../lib/gcc/arm-none-eabi/14.3.1/../../../../arm-none-eabi/lib/thumb/v7e-m+dp/hard\libc_nano.a(libc_a-ctype_.o)
                              ./Middlewares/Third_Party/LwIP/ip4_addr.o (_ctype_)
C:/ST/STM32CubeIDE_1.15.0/STM32CubeIDE/plugins/com.st.stm32cube.ide.mcu.externaltools.gnu-tools-for-stm32.14.3.rel1.win32_1.0.100.202602081740/tools/bin/../lib/gcc/arm-none-eabi/14.3.1/../../../../arm-none-eabi/lib/thumb/v7e-m+dp/hard\libc_nano.a(libc_a-findfp.o)
                              ./Middlewares/Third_Party/FreeRTOS/tasks.o (__sf)
C:/ST/STM32CubeIDE_1.15.0/STM32CubeIDE/plugins/com.st.stm32cube.ide.mcu.externaltools.gnu-tools-for-stm32.14.3.rel1.win32_1.0.100.202602081740/tools/bin/../lib/gcc/arm-none-eabi/14.3.1/../../../../arm-none-eabi/lib/thumb/v7e-m+dp/hard\libc_nano.a(libc_a-fprintf.o)
                              C:/ST/STM32CubeIDE_1.15.0/STM32CubeIDE/plugins/com.st.stm32cube.ide.mcu.externaltools.gnu-tools-for-stm32.14.3.rel1.win32_1.0.100.202602081740/tools/bin/../lib/gcc/arm-none-eabi/14.3.1/../../../../arm-none-eabi/lib/thumb/v7e-m+dp/hard\libc_nano.a(libc_a-assert.o) (fiprintf)
C:/ST/STM32CubeIDE_1.15.0/STM32CubeIDE/plugins/com.st.stm32cube.ide.mcu.externaltools.gnu-tools-for-stm32.14.3.rel1.win32_1.0.100.202602081740/tools/bin/../lib/gcc/arm-none-eabi/14.3.1/../../../../arm-none-eabi/lib/thumb/v7e-m+dp/hard\libc_nano.a(libc_a-fwalk.o)
                              C:/ST/STM32CubeIDE_1.15.0/STM32CubeIDE/plugins/com.st.stm32cube.ide.mcu.externaltools.gnu-tools-for-stm32.14.3.rel1.win32_1.0.100.202602081740/tools/bin/../lib/gcc/arm-none-eabi/14.3.1/../../../../arm-none-eabi/lib/thumb/v7e-m+dp/hard\libc_nano.a(libc_a-findfp.o) (_fwalk_sglue)
C:/ST/STM32CubeIDE_1.15.0/STM32CubeIDE/plugins/com.st.stm32cube.ide.mcu.externaltools.gnu-tools-for-stm32.14.3.rel1.win32_1.0.100.202602081740/tools/bin/../lib/gcc/arm-none-eabi/14.3.1/../../../../arm-none-eabi/lib/thumb/v7e-m+dp/hard\libc_nano.a(libc_a-printf.o)
                              ./LWIP/Target/ethernetif.o (printf)
C:/ST/STM32CubeIDE_1.15.0/STM32CubeIDE/plugins/com.st.stm32cube.ide.mcu.externaltools.gnu-tools-for-stm32.14.3.rel1.win32_1.0.100.202602081740/tools/bin/../lib/gcc/arm-none-eabi/14.3.1/../../../../arm-none-eabi/lib/thumb/v7e-m+dp/hard\libc_nano.a(libc_a-putchar.o)
                              ./Middlewares/mongoose/mongoose.o (putchar)
C:/ST/STM32CubeIDE_1.15.0/STM32CubeIDE/plugins/com.st.stm32cube.ide.mcu.externaltools.gnu-tools-for-stm32.14.3.rel1.win32_1.0.100.202602081740/tools/bin/../lib/gcc/arm-none-eabi/14.3.1/../../../../arm-none-eabi/lib/thumb/v7e-m+dp/hard\libc_nano.a(libc_a-sscanf.o)
[...]
Memory Configuration

Name             Origin             Length             Attributes
RAM_D1           0x24000000         0x00080000         xrw
FLASH            0x08000000         0x00100000         xr
DTCMRAM          0x20000000         0x00020000         xrw
RAM_D2           0x30000000         0x00048000         xrw
RAM_SHARED       0x38000000         0x00010000         xrw
RAM_D3           0x38008000         0x00008000         xrw
ITCMRAM          0x00000000         0x00010000         xrw
*default*        0x00000000         0xffffffff

Linker script and memory map

LOAD C:/ST/STM32CubeIDE_1.15.0/STM32CubeIDE/plugins/com.st.stm32cube.ide.mcu.externaltools.gnu-tools-for-stm32.14.3.rel1.win32_1.0.100.202602081740/tools/bin/../lib/gcc/arm-none-eabi/14.3.1/thumb/v7e-m+dp/hard/crti.o
LOAD C:/ST/STM32CubeIDE_1.15.0/STM32CubeIDE/plugins/com.st.stm32cube.ide.mcu.externaltools.gnu-tools-for-stm32.14.3.rel1.win32_1.0.100.202602081740/tools/bin/../lib/gcc/arm-none-eabi/14.3.1/thumb/v7e-m+dp/hard/crtbegin.o
LOAD C:/ST/STM32CubeIDE_1.15.0/STM32CubeIDE/plugins/com.st.stm32cube.ide.mcu.externaltools.gnu-tools-for-stm32.14.3.rel1.win32_1.0.100.202602081740/tools/bin/../lib/gcc/arm-none-eabi/14.3.1/../../../../arm-none-eabi/lib/thumb/v7e-m+dp/hard/crt0.o
LOAD ./Common/Src/system_stm32h7xx_dualcore_boot_cm4_cm7.o
LOAD ./Core/Src/freertos.o
LOAD ./Core/Src/fsk.o
LOAD ./Core/Src/ipc_m7.o
LOAD ./Core/Src/kiss_fft.o
LOAD ./Core/Src/main.o
LOAD ./Core/Src/malloc_wrap.o
LOAD ./Core/Src/modem_stats.o
LOAD ./Core/Src/stm32h7xx_hal_msp.o
LOAD ./Core/Src/stm32h7xx_it.o
LOAD ./Core/Src/syscalls.o
LOAD ./Core/Src/sysmem.o
LOAD ./Core/Src/web.o
LOAD ./Core/Startup/startup_stm32h755zitx.o
LOAD ./Drivers/BSP/Components/lan8742.o
LOAD ./Drivers/STM32H7xx_HAL_Driver/stm32h7xx_hal.o
LOAD ./Drivers/STM32H7xx_HAL_Driver/stm32h7xx_hal_cortex.o
LOAD ./Drivers/STM32H7xx_HAL_Driver/stm32h7xx_hal_dma.o
LOAD ./Drivers/STM32H7xx_HAL_Driver/stm32h7xx_hal_dma_ex.o
LOAD ./Drivers/STM32H7xx_HAL_Driver/stm32h7xx_hal_eth.o
LOAD ./Drivers/STM32H7xx_HAL_Driver/stm32h7xx_hal_eth_ex.o
LOAD ./Drivers/STM32H7xx_HAL_Driver/stm32h7xx_hal_exti.o
LOAD ./Drivers/STM32H7xx_HAL_Driver/stm32h7xx_hal_flash.o
LOAD ./Drivers/STM32H7xx_HAL_Driver/stm32h7xx_hal_flash_ex.o
LOAD ./Drivers/STM32H7xx_HAL_Driver/stm32h7xx_hal_gpio.o
LOAD ./Drivers/STM32H7xx_HAL_Driver/stm32h7xx_hal_hsem.o
LOAD ./Drivers/STM32H7xx_HAL_Driver/stm32h7xx_hal_i2c.o
LOAD ./Drivers/STM32H7xx_HAL_Driver/stm32h7xx_hal_i2c_ex.o
LOAD ./Drivers/STM32H7xx_HAL_Driver/stm32h7xx_hal_mdma.o
LOAD ./Drivers/STM32H7xx_HAL_Driver/stm32h7xx_hal_pwr.o
LOAD ./Drivers/STM32H7xx_HAL_Driver/stm32h7xx_hal_pwr_ex.o
LOAD ./Drivers/STM32H7xx_HAL_Driver/stm32h7xx_hal_rcc.o
LOAD ./Drivers/STM32H7xx_HAL_Driver/stm32h7xx_hal_rcc_ex.o
LOAD ./Drivers/STM32H7xx_HAL_Driver/stm32h7xx_hal_sd.o
LOAD ./Drivers/STM32H7xx_HAL_Driver/stm32h7xx_hal_sd_ex.o
LOAD ./Drivers/STM32H7xx_HAL_Driver/stm32h7xx_hal_tim.o
LOAD ./Drivers/STM32H7xx_HAL_Driver/stm32h7xx_hal_tim_ex.o
LOAD ./Drivers/STM32H7xx_HAL_Driver/stm32h7xx_ll_delayblock.o
LOAD ./Drivers/STM32H7xx_HAL_Driver/stm32h7xx_ll_sdmmc.o
LOAD ./LWIP/App/lwip.o
LOAD ./LWIP/Target/ethernetif.o
LOAD ./Middlewares/Third_Party/FreeRTOS/cmsis_os2.o
LOAD ./Middlewares/Third_Party/FreeRTOS/croutine.o
LOAD ./Middlewares/Third_Party/FreeRTOS/event_groups.o
LOAD ./Middlewares/Third_Party/FreeRTOS/heap_4.o
LOAD ./Middlewares/Third_Party/FreeRTOS/list.o
LOAD ./Middlewares/Third_Party/FreeRTOS/port.o
LOAD ./Middlewares/Third_Party/FreeRTOS/queue.o
LOAD ./Middlewares/Third_Party/FreeRTOS/stream_buffer.o
LOAD ./Middlewares/Third_Party/FreeRTOS/tasks.o
LOAD ./Middlewares/Third_Party/FreeRTOS/timers.o
LOAD ./Middlewares/Third_Party/LwIP/altcp.o
LOAD ./Middlewares/Third_Party/LwIP/altcp_alloc.o
LOAD ./Middlewares/Third_Party/LwIP/altcp_tcp.o
LOAD ./Middlewares/Third_Party/LwIP/api_lib.o
LOAD ./Middlewares/Third_Party/LwIP/api_msg.o
LOAD ./Middlewares/Third_Party/LwIP/auth.o
LOAD ./Middlewares/Third_Party/LwIP/autoip.o
LOAD ./Middlewares/Third_Party/LwIP/bridgeif.o
LOAD ./Middlewares/Third_Party/LwIP/bridgeif_fdb.o
LOAD ./Middlewares/Third_Party/LwIP/ccp.o
LOAD ./Middlewares/Third_Party/LwIP/chap-md5.o
LOAD ./Middlewares/Third_Party/LwIP/chap-new.o
LOAD ./Middlewares/Third_Party/LwIP/chap_ms.o
LOAD ./Middlewares/Third_Party/LwIP/def.o
LOAD ./Middlewares/Third_Party/LwIP/demand.o
LOAD ./Middlewares/Third_Party/LwIP/dhcp.o
LOAD ./Middlewares/Third_Party/LwIP/dhcp6.o
LOAD ./Middlewares/Third_Party/LwIP/dns.o
LOAD ./Middlewares/Third_Party/LwIP/eap.o
LOAD ./Middlewares/Third_Party/LwIP/ecp.o
LOAD ./Middlewares/Third_Party/LwIP/err.o
LOAD ./Middlewares/Third_Party/LwIP/etharp.o
LOAD ./Middlewares/Third_Party/LwIP/ethernet.o
LOAD ./Middlewares/Third_Party/LwIP/ethip6.o
LOAD ./Middlewares/Third_Party/LwIP/eui64.o
LOAD ./Middlewares/Third_Party/LwIP/fsm.o
LOAD ./Middlewares/Third_Party/LwIP/icmp.o
LOAD ./Middlewares/Third_Party/LwIP/icmp6.o
LOAD ./Middlewares/Third_Party/LwIP/if_api.o
LOAD ./Middlewares/Third_Party/LwIP/igmp.o
LOAD ./Middlewares/Third_Party/LwIP/inet6.o
LOAD ./Middlewares/Third_Party/LwIP/inet_chksum.o
LOAD ./Middlewares/Third_Party/LwIP/init.o
LOAD ./Middlewares/Third_Party/LwIP/ip.o
LOAD ./Middlewares/Third_Party/LwIP/ip4.o
LOAD ./Middlewares/Third_Party/LwIP/ip4_addr.o
LOAD ./Middlewares/Third_Party/LwIP/ip4_frag.o
LOAD ./Middlewares/Third_Party/LwIP/ip6.o
LOAD ./Middlewares/Third_Party/LwIP/ip6_addr.o
LOAD ./Middlewares/Third_Party/LwIP/ip6_frag.o
LOAD ./Middlewares/Third_Party/LwIP/ipcp.o
LOAD ./Middlewares/Third_Party/LwIP/ipv6cp.o
LOAD ./Middlewares/Third_Party/LwIP/lcp.o
LOAD ./Middlewares/Third_Party/LwIP/lowpan6.o
LOAD ./Middlewares/Third_Party/LwIP/lowpan6_ble.o
LOAD ./Middlewares/Third_Party/LwIP/lowpan6_common.o
LOAD ./Middlewares/Third_Party/LwIP/magic.o
LOAD ./Middlewares/Third_Party/LwIP/mem.o
LOAD ./Middlewares/Third_Party/LwIP/memp.o
LOAD ./Middlewares/Third_Party/LwIP/mld6.o
LOAD ./Middlewares/Third_Party/LwIP/mppe.o
LOAD ./Middlewares/Third_Party/LwIP/mqtt.o
LOAD ./Middlewares/Third_Party/LwIP/multilink.o
LOAD ./Middlewares/Third_Party/LwIP/nd6.o
LOAD ./Middlewares/Third_Party/LwIP/netbuf.o
LOAD ./Middlewares/Third_Party/LwIP/netdb.o
LOAD ./Middlewares/Third_Party/LwIP/netif.o
LOAD ./Middlewares/Third_Party/LwIP/netifapi.o
LOAD ./Middlewares/Third_Party/LwIP/pbuf.o
LOAD ./Middlewares/Third_Party/LwIP/ppp.o
LOAD ./Middlewares/Third_Party/LwIP/pppapi.o
LOAD ./Middlewares/Third_Party/LwIP/pppcrypt.o
LOAD ./Middlewares/Third_Party/LwIP/pppoe.o
LOAD ./Middlewares/Third_Party/LwIP/pppol2tp.o
LOAD ./Middlewares/Third_Party/LwIP/pppos.o
LOAD ./Middlewares/Third_Party/LwIP/raw.o
LOAD ./Middlewares/Third_Party/LwIP/slipif.o
LOAD ./Middlewares/Third_Party/LwIP/sockets.o
LOAD ./Middlewares/Third_Party/LwIP/stats.o
LOAD ./Middlewares/Third_Party/LwIP/sys.o
LOAD ./Middlewares/Third_Party/LwIP/sys_arch.o
LOAD ./Middlewares/Third_Party/LwIP/tcp.o
LOAD ./Middlewares/Third_Party/LwIP/tcp_in.o
LOAD ./Middlewares/Third_Party/LwIP/tcp_out.o
LOAD ./Middlewares/Third_Party/LwIP/tcpip.o
LOAD ./Middlewares/Third_Party/LwIP/timeouts.o
LOAD ./Middlewares/Third_Party/LwIP/udp.o
LOAD ./Middlewares/Third_Party/LwIP/upap.o
LOAD ./Middlewares/Third_Party/LwIP/utils.o
LOAD ./Middlewares/Third_Party/LwIP/vj.o
LOAD ./Middlewares/Third_Party/LwIP/zepif.o
LOAD ./Middlewares/mongoose/mongoose.o
START GROUP
LOAD C:/ST/STM32CubeIDE_1.15.0/STM32CubeIDE/plugins/com.st.stm32cube.ide.mcu.externaltools.gnu-tools-for-stm32.14.3.rel1.win32_1.0.100.202602081740/tools/bin/../lib/gcc/arm-none-eabi/14.3.1/../../../../arm-none-eabi/lib/thumb/v7e-m+dp/hard\libc_nano.a
LOAD C:/ST/STM32CubeIDE_1.15.0/STM32CubeIDE/plugins/com.st.stm32cube.ide.mcu.externaltools.gnu-tools-for-stm32.14.3.rel1.win32_1.0.100.202602081740/tools/bin/../lib/gcc/arm-none-eabi/14.3.1/../../../../arm-none-eabi/lib/thumb/v7e-m+dp/hard\libm.a
END GROUP
START GROUP
LOAD C:/ST/STM32CubeIDE_1.15.0/STM32CubeIDE/plugins/com.st.stm32cube.ide.mcu.externaltools.gnu-tools-for-stm32.14.3.rel1.win32_1.0.100.202602081740/tools/bin/../lib/gcc/arm-none-eabi/14.3.1/thumb/v7e-m+dp/hard\libgcc.a
LOAD C:/ST/STM32CubeIDE_1.15.0/STM32CubeIDE/plugins/com.st.stm32cube.ide.mcu.externaltools.gnu-tools-for-stm32.14.3.rel1.win32_1.0.100.202602081740/tools/bin/../lib/gcc/arm-none-eabi/14.3.1/../../../../arm-none-eabi/lib/thumb/v7e-m+dp/hard\libc_nano.a
END GROUP
START GROUP
LOAD C:/ST/STM32CubeIDE_1.15.0/STM32CubeIDE/plugins/com.st.stm32cube.ide.mcu.externaltools.gnu-tools-for-stm32.14.3.rel1.win32_1.0.100.202602081740/tools/bin/../lib/gcc/arm-none-eabi/14.3.1/thumb/v7e-m+dp/hard\libgcc.a
LOAD C:/ST/STM32CubeIDE_1.15.0/STM32CubeIDE/plugins/com.st.stm32cube.ide.mcu.externaltools.gnu-tools-for-stm32.14.3.rel1.win32_1.0.100.202602081740/tools/bin/../lib/gcc/arm-none-eabi/14.3.1/../../../../arm-none-eabi/lib/thumb/v7e-m+dp/hard\libc_nano.a
LOAD C:/ST/STM32CubeIDE_1.15.0/STM32CubeIDE/plugins/com.st.stm32cube.ide.mcu.externaltools.gnu-tools-for-stm32.14.3.rel1.win32_1.0.100.202602081740/tools/bin/../lib/gcc/arm-none-eabi/14.3.1/../../../../arm-none-eabi/lib/thumb/v7e-m+dp/hard\libnosys.a
END GROUP
START GROUP
LOAD C:/ST/STM32CubeIDE_1.15.0/STM32CubeIDE/plugins/com.st.stm32cube.ide.mcu.externaltools.gnu-tools-for-stm32.14.3.rel1.win32_1.0.100.202602081740/tools/bin/../lib/gcc/arm-none-eabi/14.3.1/thumb/v7e-m+dp/hard\libgcc.a
LOAD C:/ST/STM32CubeIDE_1.15.0/STM32CubeIDE/plugins/com.st.stm32cube.ide.mcu.externaltools.gnu-tools-for-stm32.14.3.rel1.win32_1.0.100.202602081740/tools/bin/../lib/gcc/arm-none-eabi/14.3.1/../../../../arm-none-eabi/lib/thumb/v7e-m+dp/hard\libc_nano.a
LOAD C:/ST/STM32CubeIDE_1.15.0/STM32CubeIDE/plugins/com.st.stm32cube.ide.mcu.externaltools.gnu-tools-for-stm32.14.3.rel1.win32_1.0.100.202602081740/tools/bin/../lib/gcc/arm-none-eabi/14.3.1/../../../../arm-none-eabi/lib/thumb/v7e-m+dp/hard\libnosys.a
END GROUP
LOAD C:/ST/STM32CubeIDE_1.15.0/STM32CubeIDE/plugins/com.st.stm32cube.ide.mcu.externaltools.gnu-tools-for-stm32.14.3.rel1.win32_1.0.100.202602081740/tools/bin/../lib/gcc/arm-none-eabi/14.3.1/thumb/v7e-m+dp/hard/crtend.o
LOAD C:/ST/STM32CubeIDE_1.15.0/STM32CubeIDE/plugins/com.st.stm32cube.ide.mcu.externaltools.gnu-tools-for-stm32.14.3.rel1.win32_1.0.100.202602081740/tools/bin/../lib/gcc/arm-none-eabi/14.3.1/thumb/v7e-m+dp/hard/crtn.o
                0x24080000                        _estack = (ORIGIN (RAM_D1) + LENGTH (RAM_D1))
                0x00000200                        _Min_Heap_Size = 0x200
                0x00000400                        _Min_Stack_Size = 0x400

.isr_vector     0x08000000      0x298
                0x08000000                        . = ALIGN (0x4)
 *(.isr_vector)
 .isr_vector    0x08000000      0x298 ./Core/Startup/startup_stm32h755zitx.o
                0x08000000                g_pfnVectors
                0x08000298                        . = ALIGN (0x4)

.text           0x080002a0    0x37580
                0x080002a0                        . = ALIGN (0x4)
 *(.text)
 .text          0x080002a0       0x40 C:/ST/STM32CubeIDE_1.15.0/STM32CubeIDE/plugins/com.st.stm32cube.ide.mcu.externaltools.gnu-tools-for-stm32.14.3.rel1.win32_1.0.100.202602081740/tools/bin/../lib/gcc/arm-none-eabi/14.3.1/thumb/v7e-m+dp/hard/crtbegin.o
 .text          0x080002e0       0x14 C:/ST/STM32CubeIDE_1.15.0/STM32CubeIDE/plugins/com.st.stm32cube.ide.mcu.externaltools.gnu-tools-for-stm32.14.3.rel1.win32_1.0.100.202602081740/tools/bin/../lib/gcc/arm-none-eabi/14.3.1/../../../../arm-none-eabi/lib/thumb/v7e-m+dp/hard\libc_nano.a(libc_a-strcmp.o)
                0x080002e0                strcmp
 *fill*         0x080002f4        0xc 
 .text          0x08000300       0xa0 C:/ST/STM32CubeIDE_1.15.0/STM32CubeIDE/plugins/com.st.stm32cube.ide.mcu.externaltools.gnu-tools-for-stm32.14.3.rel1.win32_1.0.100.202602081740/tools/bin/../lib/gcc/arm-none-eabi/14.3.1/../../../../arm-none-eabi/lib/thumb/v7e-m+dp/hard\libc_nano.a(libc_a-memchr.o)
                0x08000300                memchr
 .text          0x080003a0       0x10 C:/ST/STM32CubeIDE_1.15.0/STM32CubeIDE/plugins/com.st.stm32cube.ide.mcu.externaltools.gnu-tools-for-stm32.14.3.rel1.win32_1.0.100.202602081740/tools/bin/../lib/gcc/arm-none-eabi/14.3.1/../../../../arm-none-eabi/lib/thumb/v7e-m+dp/hard\libc_nano.a(libc_a-strlen.o)
                0x080003a0                strlen
 .text          0x080003b0      0x378 C:/ST/STM32CubeIDE_1.15.0/STM32CubeIDE/plugins/com.st.stm32cube.ide.mcu.externaltools.gnu-tools-for-stm32.14.3.rel1.win32_1.0.100.202602081740/tools/bin/../lib/gcc/arm-none-eabi/14.3.1/thumb/v7e-m+dp/hard\libgcc.a(_arm_addsubdf3.o)
                0x080003b0                __aeabi_drsub
                0x080003b8                __aeabi_dsub
                0x080003b8                __subdf3
                0x080003bc                __aeabi_dadd
                0x080003bc                __adddf3
                0x08000634                __floatunsidf
                0x08000634                __aeabi_ui2d
                0x08000654                __floatsidf
                0x08000654                __aeabi_i2d
                0x08000678                __aeabi_f2d
                0x08000678                __extendsfdf2
                0x080006bc                __floatundidf
                0x080006bc                __aeabi_ul2d
                0x080006cc                __floatdidf
                0x080006cc                __aeabi_l2d
 .text          0x08000728       0x30 C:/ST/STM32CubeIDE_1.15.0/STM32CubeIDE/plugins/com.st.stm32cube.ide.mcu.externaltools.gnu-tools-for-stm32.14.3.rel1.win32_1.0.100.202602081740/tools/bin/../lib/gcc/arm-none-eabi/14.3.1/thumb/v7e-m+dp/hard\libgcc.a(_aeabi_uldivmod.o)
                0x08000728                __aeabi_uldivmod
 .text          0x08000758      0x2f8 C:/ST/STM32CubeIDE_1.15.0/STM32CubeIDE/plugins/com.st.stm32cube.ide.mcu.externaltools.gnu-tools-for-stm32.14.3.rel1.win32_1.0.100.202602081740/tools/bin/../lib/gcc/arm-none-eabi/14.3.1/thumb/v7e-m+dp/hard\libgcc.a(_udivmoddi4.o)
                0x08000758                __udivmoddi4
 .text          0x08000a50        0x4 C:/ST/STM32CubeIDE_1.15.0/STM32CubeIDE/plugins/com.st.stm32cube.ide.mcu.externaltools.gnu-tools-for-stm32.14.3.rel1.win32_1.0.100.202602081740/tools/bin/../lib/gcc/arm-none-eabi/14.3.1/thumb/v7e-m+dp/hard\libgcc.a(_dvmd_tls.o)
                0x08000a50                __aeabi_idiv0
                0x08000a50                __aeabi_ldiv0
 *(.text*)
 .text.SystemInit
                0x08000a54      0x15c ./Common/Src/system_stm32h7xx_dualcore_boot_cm4_cm7.o
                0x08000a54                SystemInit
 .text.ExitRun0Mode
                0x08000bb0       0x18 ./Common/Src/system_stm32h7xx_dualcore_boot_cm4_cm7.o
                0x08000bb0                ExitRun0Mode
 .text.cconj    0x08000bc8       0x54 ./Core/Src/fsk.o
 .text.cmult    0x08000c1c       0x94 ./Core/Src/fsk.o
 .text.fcmult   0x08000cb0       0x68 ./Core/Src/fsk.o
 .text.cadd     0x08000d18       0x74 ./Core/Src/fsk.o
 .text.cabsolute
                0x08000d8c       0x48 ./Core/Src/fsk.o
 .text.comp_exp_j
                0x08000dd4       0x54 ./Core/Src/fsk.o
 .text.comp0    0x08000e28       0x40 ./Core/Src/fsk.o
 .text.comp_normalize
                0x08000e68       0x78 ./Core/Src/fsk.o
 .text.modem_probe_samp_i
                0x08000ee0       0x18 ./Core/Src/fsk.o
 .text.modem_probe_samp_f
                0x08000ef8       0x18 ./Core/Src/fsk.o
 .text.fsk_generate_hann_table
                0x08000f10       0x98 ./Core/Src/fsk.o
 .text.fsk_create_core
                0x08000fa8      0x48c ./Core/Src/fsk.o
                0x08000fa8                fsk_create_core
 .text.fsk_create
                0x08001434       0x30 ./Core/Src/fsk.o
                0x08001434                fsk_create
 .text.fsk_nin  0x08001464       0x1a ./Core/Src/fsk.o
                0x08001464                fsk_nin
 *fill*         0x0800147e        0x2 
 .text.fsk_demod_freq_est
                0x08001480      0x800 ./Core/Src/fsk.o
                0x08001480                fsk_demod_freq_est
 .text.fsk_demod_core
                0x08001c80     0x1698 ./Core/Src/fsk.o
                0x08001c80                fsk_demod_core
 .text.fsk_demod
                0x08003318       0x20 ./Core/Src/fsk.o
                0x08003318                fsk_demod
 .text.stats_init
                0x08003338      0x15c ./Core/Src/fsk.o
 .text.fsk_set_freq_est_limits
                0x08003494       0xa8 ./Core/Src/fsk.o
                0x08003494                fsk_set_freq_est_limits
 .text.ipc_m7_init
                0x0800353c       0x64 ./Core/Src/ipc_m7.o
                0x0800353c                ipc_m7_init
 .text.HSEM1_IRQHandler
                0x080035a0        0xc ./Core/Src/ipc_m7.o
                0x080035a0                HSEM1_IRQHandler
 .text.HAL_HSEM_FreeCallback
                0x080035ac       0x3c ./Core/Src/ipc_m7.o
                0x080035ac                HAL_HSEM_FreeCallback
 .text.kf_bfly2
                0x080035e8       0xf0 ./Core/Src/kiss_fft.o
 .text.kf_bfly4
                0x080036d8      0x364 ./Core/Src/kiss_fft.o
 .text.kf_bfly3
                0x08003a3c      0x2aa ./Core/Src/kiss_fft.o
 .text.kf_bfly5
                0x08003ce6      0x612 ./Core/Src/kiss_fft.o
 .text.kf_bfly_generic
                0x080042f8      0x1b2 ./Core/Src/kiss_fft.o
 *fill*         0x080044aa        0x2 
 .text.kf_work  0x080044ac      0x11c ./Core/Src/kiss_fft.o
 .text.kf_factor
                0x080045c8       0xbe ./Core/Src/kiss_fft.o
 *fill*         0x08004686        0x2 
 .text.kiss_fft_alloc
                0x08004688      0x120 ./Core/Src/kiss_fft.o
                0x08004688                kiss_fft_alloc
 .text.kiss_fft_stride
                0x080047a8       0x72 ./Core/Src/kiss_fft.o
                0x080047a8                kiss_fft_stride
 .text.kiss_fft
                0x0800481a       0x20 ./Core/Src/kiss_fft.o
                0x0800481a                kiss_fft
 *fill*         0x0800483a        0x2 
 .text.main     0x0800483c      0x104 ./Core/Src/main.o
                0x0800483c                main
 .text.SystemClock_Config
                0x08004940       0xf4 ./Core/Src/main.o
                0x08004940                SystemClock_Config
 .text.MX_BDMA_Init
                0x08004a34       0x34 ./Core/Src/main.o
 .text.MX_DMA_Init
                0x08004a68       0x34 ./Core/Src/main.o
 .text.MX_GPIO_Init
                0x08004a9c       0x90 ./Core/Src/main.o
 .text.StartDefaultTask
                0x08004b2c       0x14 ./Core/Src/main.o
                0x08004b2c                StartDefaultTask
 .text.Error_Handler
                0x08004b40        0xc ./Core/Src/main.o
                0x08004b40                Error_Handler
 .text.__wrap_malloc
                0x08004b4c       0x18 ./Core/Src/malloc_wrap.o
                0x08004b4c                __wrap_malloc
 .text.__wrap_free
                0x08004b64       0x16 ./Core/Src/malloc_wrap.o
                0x08004b64                __wrap_free
 .text.__wrap_calloc
                0x08004b7a       0x3c ./Core/Src/malloc_wrap.o
                0x08004b7a                __wrap_calloc
 *fill*         0x08004bb6        0x2 
 .text.HAL_MspInit
                0x08004bb8       0x3c ./Core/Src/stm32h7xx_hal_msp.o
                0x08004bb8                HAL_MspInit
 .text.NMI_Handler
                0x08004bf4        0x8 ./Core/Src/stm32h7xx_it.o
                0x08004bf4                NMI_Handler
 .text.HardFault_Handler
                0x08004bfc        0x8 ./Core/Src/stm32h7xx_it.o
                0x08004bfc                HardFault_Handler
 .text.MemManage_Handler
                0x08004c04        0x8 ./Core/Src/stm32h7xx_it.o
                0x08004c04                MemManage_Handler
 .text.BusFault_Handler
                0x08004c0c        0x8 ./Core/Src/stm32h7xx_it.o
                0x08004c0c                BusFault_Handler
 .text.UsageFault_Handler
                0x08004c14        0x8 ./Core/Src/stm32h7xx_it.o
                0x08004c14                UsageFault_Handler
 .text.DebugMon_Handler
                0x08004c1c        0xe ./Core/Src/stm32h7xx_it.o
                0x08004c1c                DebugMon_Handler
 *fill*         0x08004c2a        0x2 
 .text.SysTick_Handler
                0x08004c2c       0x24 ./Core/Src/stm32h7xx_it.o
                0x08004c2c                SysTick_Handler
 .text.ETH_IRQHandler
                0x08004c50       0x14 ./Core/Src/stm32h7xx_it.o
                0x08004c50                ETH_IRQHandler
 .text.ETH_WKUP_IRQHandler
                0x08004c64       0x14 ./Core/Src/stm32h7xx_it.o
                0x08004c64                ETH_WKUP_IRQHandler
 .text._getpid  0x08004c78       0x10 ./Core/Src/syscalls.o
                0x08004c78                _getpid
 .text._kill    0x08004c88       0x24 ./Core/Src/syscalls.o
                0x08004c88                _kill
 .text._exit    0x08004cac       0x16 ./Core/Src/syscalls.o
                0x08004cac                _exit
 .text._read    0x08004cc2       0x3a ./Core/Src/syscalls.o
                0x08004cc2                _read
 .text._write   0x08004cfc       0x38 ./Core/Src/syscalls.o
                0x08004cfc                _write
 .text._close   0x08004d34       0x18 ./Core/Src/syscalls.o
                0x08004d34                _close
 .text._fstat   0x08004d4c       0x20 ./Core/Src/syscalls.o
                0x08004d4c                _fstat
 .text._isatty  0x08004d6c       0x16 ./Core/Src/syscalls.o
                0x08004d6c                _isatty
 .text._lseek   0x08004d82       0x1a ./Core/Src/syscalls.o
                0x08004d82                _lseek
 .text._sbrk    0x08004d9c       0x70 ./Core/Src/sysmem.o
                0x08004d9c                _sbrk
 .text.mg_free  0x08004e0c       0x16 ./Core/Src/web.o
 .text.ipc_ring_empty
                0x08004e22       0x26 ./Core/Src/web.o
 .text.ipc_ring_peek
                0x08004e48       0x36 ./Core/Src/web.o
 .text.ipc_ring_release
                0x08004e7e       0x1e ./Core/Src/web.o
 .text.ipc_send_cmd
                0x08004e9c       0x50 ./Core/Src/web.o
 .text.handle_command
                0x08004eec      0x164 ./Core/Src/web.o
 .text.ev_handler
                0x08005050       0x94 ./Core/Src/web.o
 .text.pump_frames
                0x080050e4       0x7c ./Core/Src/web.o
 .text.web_task
                0x08005160       0x40 ./Core/Src/web.o
 .text.web_server_start
                0x080051a0       0x38 ./Core/Src/web.o
                0x080051a0                web_server_start
 .text.modem_task
                0x080051d8      0x15c ./Core/Src/web.o
                0x080051d8                modem_task
 .text.evaluate
                0x08005334       0xf8 ./Core/Src/web.o
 .text.modem_check_task
                0x0800542c      0x1b0 ./Core/Src/web.o
                0x0800542c                modem_check_task
 .text.Reset_Handler
                0x080055dc       0x54 ./Core/Startup/startup_stm32h755zitx.o
                0x080055dc                Reset_Handler
 .text.Default_Handler
                0x08005630        0x2 ./Core/Startup/startup_stm32h755zitx.o
                0x08005630                RTC_Alarm_IRQHandler
                0x08005630                HASH_RNG_IRQHandler
                0x08005630                EXTI2_IRQHandler
                0x08005630                TIM8_CC_IRQHandler
                0x08005630                HRTIM1_Master_IRQHandler
                0x08005630                UART8_IRQHandler
                0x08005630                SPI4_IRQHandler
                0x08005630                TIM1_CC_IRQHandler
                0x08005630                BDMA_Channel6_IRQHandler
                0x08005630                DMA2_Stream5_IRQHandler
                0x08005630                HRTIM1_FLT_IRQHandler
                0x08005630                JPEG_IRQHandler
                0x08005630                DMA1_Stream5_IRQHandler
                0x08005630                BDMA_Channel1_IRQHandler
                0x08005630                HRTIM1_TIMD_IRQHandler
                0x08005630                TAMP_STAMP_IRQHandler
                0x08005630                EXTI3_IRQHandler
                0x08005630                LPTIM4_IRQHandler
                0x08005630                TIM8_TRG_COM_TIM14_IRQHandler
                0x08005630                LPTIM2_IRQHandler
                0x08005630                DFSDM1_FLT1_IRQHandler
                0x08005630                DMAMUX2_OVR_IRQHandler
                0x08005630                TIM8_UP_TIM13_IRQHandler
                0x08005630                I2C3_ER_IRQHandler
                0x08005630                DFSDM1_FLT2_IRQHandler
                0x08005630                MDMA_IRQHandler
                0x08005630                LPTIM3_IRQHandler
                0x08005630                EXTI0_IRQHandler
                0x08005630                I2C2_EV_IRQHandler
                0x08005630                DMA1_Stream2_IRQHandler
                0x08005630                FPU_IRQHandler
                0x08005630                OTG_HS_WKUP_IRQHandler
                0x08005630                FDCAN1_IT1_IRQHandler
                0x08005630                LTDC_ER_IRQHandler
                0x08005630                DMA2_Stream2_IRQHandler
                0x08005630                HRTIM1_TIME_IRQHandler
                0x08005630                SPI1_IRQHandler
                0x08005630                TIM6_DAC_IRQHandler
                0x08005630                DCMI_IRQHandler
                0x08005630                HRTIM1_TIMC_IRQHandler
                0x08005630                DMA2_Stream3_IRQHandler
                0x08005630                SAI2_IRQHandler
                0x08005630                DFSDM1_FLT3_IRQHandler
                0x08005630                USART6_IRQHandler
                0x08005630                TIM17_IRQHandler
                0x08005630                USART3_IRQHandler
                0x08005630                BDMA_Channel7_IRQHandler
                0x08005630                CRYP_IRQHandler
                0x08005630                LPTIM5_IRQHandler
                0x08005630                UART5_IRQHandler
                0x08005630                ADC3_IRQHandler
                0x08005630                DMA2_Stream0_IRQHandler
                0x08005630                TIM4_IRQHandler
                0x08005630                BDMA_Channel2_IRQHandler
                0x08005630                QUADSPI_IRQHandler
                0x08005630                I2C1_EV_IRQHandler
                0x08005630                DMA1_Stream6_IRQHandler
                0x08005630                DMAMUX1_OVR_IRQHandler
                0x08005630                DMA1_Stream1_IRQHandler
                0x08005630                TIM16_IRQHandler
                0x08005630                UART4_IRQHandler
                0x08005630                BDMA_Channel5_IRQHandler
                0x08005630                TIM3_IRQHandler
                0x08005630                RCC_IRQHandler
                0x08005630                TIM8_BRK_TIM12_IRQHandler
                0x08005630                TIM1_TRG_COM_IRQHandler
                0x08005630                Default_Handler
                0x08005630                ECC_IRQHandler
                0x08005630                CEC_IRQHandler
                0x08005630                EXTI15_10_IRQHandler
                0x08005630                BDMA_Channel0_IRQHandler
                0x08005630                ADC_IRQHandler
                0x08005630                DMA1_Stream7_IRQHandler
                0x08005630                HRTIM1_TIMA_IRQHandler
                0x08005630                SPI5_IRQHandler
                0x08005630                TIM7_IRQHandler
                0x08005630                SDMMC1_IRQHandler
                0x08005630                TIM5_IRQHandler
                0x08005630                DMA2_Stream7_IRQHandler
                0x08005630                TIM15_IRQHandler
                0x08005630                PVD_AVD_IRQHandler
                0x08005630                I2C3_EV_IRQHandler
                0x08005630                EXTI9_5_IRQHandler
                0x08005630                RTC_WKUP_IRQHandler
                0x08005630                LTDC_IRQHandler
                0x08005630                SAI3_IRQHandler
                0x08005630                SPDIF_RX_IRQHandler
                0x08005630                SPI2_IRQHandler
                0x08005630                OTG_HS_EP1_IN_IRQHandler
                0x08005630                DMA1_Stream0_IRQHandler
                0x08005630                CRS_IRQHandler
                0x08005630                CM7_SEV_IRQHandler
                0x08005630                EXTI4_IRQHandler
                0x08005630                CM4_SEV_IRQHandler
                0x08005630                HRTIM1_TIMB_IRQHandler
                0x08005630                FDCAN2_IT1_IRQHandler
                0x08005630                TIM1_UP_IRQHandler
                0x08005630                WWDG_RST_IRQHandler
                0x08005630                BDMA_Channel4_IRQHandler
                0x08005630                OTG_HS_EP1_OUT_IRQHandler
                0x08005630                WWDG_IRQHandler
                0x08005630                SPI6_IRQHandler
                0x08005630                MDIOS_IRQHandler
                0x08005630                I2C4_EV_IRQHandler
                0x08005630                FDCAN2_IT0_IRQHandler
                0x08005630                LPUART1_IRQHandler
                0x08005630                FDCAN1_IT0_IRQHandler
                0x08005630                TIM2_IRQHandler
                0x08005630                OTG_FS_WKUP_IRQHandler
                0x08005630                OTG_HS_IRQHandler
                0x08005630                HSEM2_IRQHandler
                0x08005630                DMA2D_IRQHandler
                0x08005630                TIM1_BRK_IRQHandler
                0x08005630                EXTI1_IRQHandler
                0x08005630                SDMMC2_IRQHandler
                0x08005630                OTG_FS_EP1_OUT_IRQHandler
                0x08005630                BDMA_Channel3_IRQHandler
                0x08005630                HOLD_CORE_IRQHandler
                0x08005630                UART7_IRQHandler
                0x08005630                MDIOS_WKUP_IRQHandler
                0x08005630                USART2_IRQHandler
                0x08005630                DFSDM1_FLT0_IRQHandler
                0x08005630                SAI4_IRQHandler
                0x08005630                I2C2_ER_IRQHandler
                0x08005630                DMA2_Stream1_IRQHandler
                0x08005630                FLASH_IRQHandler
                0x08005630                DMA2_Stream4_IRQHandler
                0x08005630                USART1_IRQHandler
                0x08005630                OTG_FS_IRQHandler
                0x08005630                SPI3_IRQHandler
                0x08005630                WAKEUP_PIN_IRQHandler
                0x08005630                DMA1_Stream4_IRQHandler
                0x08005630                OTG_FS_EP1_IN_IRQHandler
                0x08005630                I2C1_ER_IRQHandler
                0x08005630                FMC_IRQHandler
                0x08005630                FDCAN_CAL_IRQHandler
                0x08005630                SWPMI1_IRQHandler
                0x08005630                COMP1_IRQHandler
                0x08005630                LPTIM1_IRQHandler
                0x08005630                I2C4_ER_IRQHandler
                0x08005630                DMA2_Stream6_IRQHandler
                0x08005630                SAI1_IRQHandler
                0x08005630                DMA1_Stream3_IRQHandler
 .text.LAN8742_RegisterBusIO
                0x08005632       0x64 ./Drivers/BSP/Components/lan8742.o
                0x08005632                LAN8742_RegisterBusIO
 .text.LAN8742_Init
                0x08005696       0x9a ./Drivers/BSP/Components/lan8742.o
                0x08005696                LAN8742_Init
 .text.LAN8742_GetLinkState
                0x08005730      0x10e ./Drivers/BSP/Components/lan8742.o
                0x08005730                LAN8742_GetLinkState
 *fill*         0x0800583e        0x2 
 .text.HAL_Init
                0x08005840       0x78 ./Drivers/STM32H7xx_HAL_Driver/stm32h7xx_hal.o
                0x08005840                HAL_Init
 .text.HAL_InitTick
                0x080058b8       0x6c ./Drivers/STM32H7xx_HAL_Driver/stm32h7xx_hal.o
                0x080058b8                HAL_InitTick
 .text.HAL_IncTick
                0x08005924       0x28 ./Drivers/STM32H7xx_HAL_Driver/stm32h7xx_hal.o
                0x08005924                HAL_IncTick
 .text.HAL_GetTick
                0x0800594c       0x18 ./Drivers/STM32H7xx_HAL_Driver/stm32h7xx_hal.o
                0x0800594c                HAL_GetTick
 .text.HAL_GetREVID
                0x08005964       0x18 ./Drivers/STM32H7xx_HAL_Driver/stm32h7xx_hal.o
                0x08005964                HAL_GetREVID
 .text.HAL_SYSCFG_ETHInterfaceSelect
                0x0800597c       0x28 ./Drivers/STM32H7xx_HAL_Driver/stm32h7xx_hal.o
                0x0800597c                HAL_SYSCFG_ETHInterfaceSelect
 .text.__NVIC_SetPriorityGrouping
                0x080059a4       0x48 ./Drivers/STM32H7xx_HAL_Driver/stm32h7xx_hal_cortex.o
 .text.__NVIC_GetPriorityGrouping
                0x080059ec       0x1c ./Drivers/STM32H7xx_HAL_Driver/stm32h7xx_hal_cortex.o
 .text.__NVIC_EnableIRQ
                0x08005a08       0x3c ./Drivers/STM32H7xx_HAL_Driver/stm32h7xx_hal_cortex.o
 .text.__NVIC_SetPriority
                0x08005a44       0x54 ./Drivers/STM32H7xx_HAL_Driver/stm32h7xx_hal_cortex.o
 .text.NVIC_EncodePriority
                0x08005a98       0x66 ./Drivers/STM32H7xx_HAL_Driver/stm32h7xx_hal_cortex.o
 *fill*         0x08005afe        0x2 
 .text.SysTick_Config
                0x08005b00       0x44 ./Drivers/STM32H7xx_HAL_Driver/stm32h7xx_hal_cortex.o
 .text.HAL_NVIC_SetPriorityGrouping
                0x08005b44       0x16 ./Drivers/STM32H7xx_HAL_Driver/stm32h7xx_hal_cortex.o
                0x08005b44                HAL_NVIC_SetPriorityGrouping
 .text.HAL_NVIC_SetPriority
                0x08005b5a       0x34 ./Drivers/STM32H7xx_HAL_Driver/stm32h7xx_hal_cortex.o
                0x08005b5a                HAL_NVIC_SetPriority
 .text.HAL_NVIC_EnableIRQ
                0x08005b8e       0x1c ./Drivers/STM32H7xx_HAL_Driver/stm32h7xx_hal_cortex.o
                0x08005b8e                HAL_NVIC_EnableIRQ
 .text.HAL_SYSTICK_Config
                0x08005baa       0x18 ./Drivers/STM32H7xx_HAL_Driver/stm32h7xx_hal_cortex.o
                0x08005baa                HAL_SYSTICK_Config
 *fill*         0x08005bc2        0x2 
 .text.HAL_GetCurrentCPUID
                0x08005bc4       0x24 ./Drivers/STM32H7xx_HAL_Driver/stm32h7xx_hal_cortex.o
                0x08005bc4                HAL_GetCurrentCPUID
 .text.HAL_ETH_Init
                0x08005be8      0x1fc ./Drivers/STM32H7xx_HAL_Driver/stm32h7xx_hal_eth.o
                0x08005be8                HAL_ETH_Init
 .text.HAL_ETH_Start_IT
                0x08005de4       0xe8 ./Drivers/STM32H7xx_HAL_Driver/stm32h7xx_hal_eth.o
                0x08005de4                HAL_ETH_Start_IT
 .text.HAL_ETH_Stop_IT
                0x08005ecc       0xf0 ./Drivers/STM32H7xx_HAL_Driver/stm32h7xx_hal_eth.o
                0x08005ecc                HAL_ETH_Stop_IT
 .text.HAL_ETH_Transmit_IT
                0x08005fbc       0xa2 ./Drivers/STM32H7xx_HAL_Driver/stm32h7xx_hal_eth.o
                0x08005fbc                HAL_ETH_Transmit_IT
 .text.HAL_ETH_ReadData
                0x0800605e      0x1aa ./Drivers/STM32H7xx_HAL_Driver/stm32h7xx_hal_eth.o
                0x0800605e                HAL_ETH_ReadData
 .text.ETH_UpdateDescriptor
                0x08006208       0xfc ./Drivers/STM32H7xx_HAL_Driver/stm32h7xx_hal_eth.o
 .text.HAL_ETH_ReleaseTxPacket
                0x08006304       0xc6 ./Drivers/STM32H7xx_HAL_Driver/stm32h7xx_hal_eth.o
                0x08006304                HAL_ETH_ReleaseTxPacket
 *fill*         0x080063ca        0x2 
 .text.HAL_ETH_IRQHandler
                0x080063cc      0x214 ./Drivers/STM32H7xx_HAL_Driver/stm32h7xx_hal_eth.o
                0x080063cc                HAL_ETH_IRQHandler
 .text.HAL_ETH_PMTCallback
                0x080065e0       0x14 ./Drivers/STM32H7xx_HAL_Driver/stm32h7xx_hal_eth.o
                0x080065e0                HAL_ETH_PMTCallback
 .text.HAL_ETH_EEECallback
                0x080065f4       0x14 ./Drivers/STM32H7xx_HAL_Driver/stm32h7xx_hal_eth.o
                0x080065f4                HAL_ETH_EEECallback
 .text.HAL_ETH_WakeUpCallback
                0x08006608       0x14 ./Drivers/STM32H7xx_HAL_Driver/stm32h7xx_hal_eth.o
                0x08006608                HAL_ETH_WakeUpCallback
 .text.HAL_ETH_ReadPHYRegister
                0x0800661c       0xa8 ./Drivers/STM32H7xx_HAL_Driver/stm32h7xx_hal_eth.o
                0x0800661c                HAL_ETH_ReadPHYRegister
 .text.HAL_ETH_WritePHYRegister
                0x080066c4       0xa8 ./Drivers/STM32H7xx_HAL_Driver/stm32h7xx_hal_eth.o
                0x080066c4                HAL_ETH_WritePHYRegister
 .text.HAL_ETH_GetMACConfig
                0x0800676c      0x3a8 ./Drivers/STM32H7xx_HAL_Driver/stm32h7xx_hal_eth.o
                0x0800676c                HAL_ETH_GetMACConfig
 .text.HAL_ETH_SetMACConfig
                0x08006b14       0x34 ./Drivers/STM32H7xx_HAL_Driver/stm32h7xx_hal_eth.o
                0x08006b14                HAL_ETH_SetMACConfig
 .text.HAL_ETH_SetMDIOClockRange
                0x08006b48       0xa0 ./Drivers/STM32H7xx_HAL_Driver/stm32h7xx_hal_eth.o
                0x08006b48                HAL_ETH_SetMDIOClockRange
 .text.HAL_ETH_GetError
                0x08006be8       0x1a ./Drivers/STM32H7xx_HAL_Driver/stm32h7xx_hal_eth.o
                0x08006be8                HAL_ETH_GetError
 .text.HAL_ETH_GetDMAError
                0x08006c02       0x1a ./Drivers/STM32H7xx_HAL_Driver/stm32h7xx_hal_eth.o
                0x08006c02                HAL_ETH_GetDMAError
 .text.ETH_SetMACConfig
                0x08006c1c      0x238 ./Drivers/STM32H7xx_HAL_Driver/stm32h7xx_hal_eth.o
 .text.ETH_SetDMAConfig
                0x08006e54      0x10c ./Drivers/STM32H7xx_HAL_Driver/stm32h7xx_hal_eth.o
 .text.ETH_MACDMAConfig
                0x08006f60      0x13a ./Drivers/STM32H7xx_HAL_Driver/stm32h7xx_hal_eth.o
 .text.ETH_DMATxDescListInit
                0x0800709a       0x92 ./Drivers/STM32H7xx_HAL_Driver/stm32h7xx_hal_eth.o
 .text.ETH_DMARxDescListInit
                0x0800712c       0xba ./Drivers/STM32H7xx_HAL_Driver/stm32h7xx_hal_eth.o
 *fill*         0x080071e6        0x2 
 .text.ETH_Prepare_Tx_Descriptors
                0x080071e8      0x538 ./Drivers/STM32H7xx_HAL_Driver/stm32h7xx_hal_eth.o
 .text.HAL_GPIO_Init
                0x08007720      0x374 ./Drivers/STM32H7xx_HAL_Driver/stm32h7xx_hal_gpio.o
                0x08007720                HAL_GPIO_Init
 .text.HAL_HSEM_FastTake
                0x08007a94       0x34 ./Drivers/STM32H7xx_HAL_Driver/stm32h7xx_hal_hsem.o
                0x08007a94                HAL_HSEM_FastTake
 .text.HAL_HSEM_Release
                0x08007ac8       0x28 ./Drivers/STM32H7xx_HAL_Driver/stm32h7xx_hal_hsem.o
                0x08007ac8                HAL_HSEM_Release
 .text.HAL_HSEM_ActivateNotification
                0x08007af0       0x24 ./Drivers/STM32H7xx_HAL_Driver/stm32h7xx_hal_hsem.o
                0x08007af0                HAL_HSEM_ActivateNotification
 .text.HAL_HSEM_IRQHandler
                0x08007b14       0x34 ./Drivers/STM32H7xx_HAL_Driver/stm32h7xx_hal_hsem.o
                0x08007b14                HAL_HSEM_IRQHandler
 .text.HAL_PWREx_ConfigSupply
                0x08007b48       0xb4 ./Drivers/STM32H7xx_HAL_Driver/stm32h7xx_hal_pwr_ex.o
                0x08007b48                HAL_PWREx_ConfigSupply
 .text.HAL_RCC_OscConfig
                0x08007bfc      0x8b4 ./Drivers/STM32H7xx_HAL_Driver/stm32h7xx_hal_rcc.o
                0x08007bfc                HAL_RCC_OscConfig
 .text.HAL_RCC_ClockConfig
                0x080084b0      0x36c ./Drivers/STM32H7xx_HAL_Driver/stm32h7xx_hal_rcc.o
                0x080084b0                HAL_RCC_ClockConfig
 .text.HAL_RCC_GetSysClockFreq
                0x0800881c      0x2f4 ./Drivers/STM32H7xx_HAL_Driver/stm32h7xx_hal_rcc.o
                0x0800881c                HAL_RCC_GetSysClockFreq
 .text.HAL_RCC_GetHCLKFreq
                0x08008b10       0x60 ./Drivers/STM32H7xx_HAL_Driver/stm32h7xx_hal_rcc.o
                0x08008b10                HAL_RCC_GetHCLKFreq
 .text.MX_LWIP_Init
                0x08008b70      0x284 ./LWIP/App/lwip.o
                0x08008b70                MX_LWIP_Init
 .text.ethernet_link_status_updated
                0x08008df4       0x14 ./LWIP/App/lwip.o
 .text.HAL_ETH_RxCpltCallback
                0x08008e08       0x20 ./LWIP/Target/ethernetif.o
                0x08008e08                HAL_ETH_RxCpltCallback
 .text.HAL_ETH_TxCpltCallback
                0x08008e28       0x20 ./LWIP/Target/ethernetif.o
                0x08008e28                HAL_ETH_TxCpltCallback
 .text.HAL_ETH_ErrorCallback
                0x08008e48       0x30 ./LWIP/Target/ethernetif.o
                0x08008e48                HAL_ETH_ErrorCallback
 .text.low_level_init
                0x08008e78      0x288 ./LWIP/Target/ethernetif.o
 .text.low_level_output
                0x08009100      0x170 ./LWIP/Target/ethernetif.o
 .text.low_level_input
                0x08009270       0x34 ./LWIP/Target/ethernetif.o
 .text.ethernetif_input
                0x080092a4       0x54 ./LWIP/Target/ethernetif.o
                0x080092a4                ethernetif_input
 .text.ethernetif_init
                0x080092f8       0x5c ./LWIP/Target/ethernetif.o
                0x080092f8                ethernetif_init
 .text.pbuf_free_custom
                0x08009354       0x40 ./LWIP/Target/ethernetif.o
                0x08009354                pbuf_free_custom
 .text.sys_now  0x08009394        0xe ./LWIP/Target/ethernetif.o
                0x08009394                sys_now
 *fill*         0x080093a2        0x2 
 .text.HAL_ETH_MspInit
                0x080093a4      0x1bc ./LWIP/Target/ethernetif.o
                0x080093a4                HAL_ETH_MspInit
 .text.ETH_PHY_IO_Init
                0x08009560       0x14 ./LWIP/Target/ethernetif.o
                0x08009560                ETH_PHY_IO_Init
 .text.ETH_PHY_IO_DeInit
                0x08009574       0x10 ./LWIP/Target/ethernetif.o
                0x08009574                ETH_PHY_IO_DeInit
 .text.ETH_PHY_IO_ReadReg
                0x08009584       0x34 ./LWIP/Target/ethernetif.o
                0x08009584                ETH_PHY_IO_ReadReg
 .text.ETH_PHY_IO_WriteReg
                0x080095b8       0x34 ./LWIP/Target/ethernetif.o
                0x080095b8                ETH_PHY_IO_WriteReg
 .text.ETH_PHY_IO_GetTick
                0x080095ec        0xe ./LWIP/Target/ethernetif.o
                0x080095ec                ETH_PHY_IO_GetTick
 *fill*         0x080095fa        0x2 
 .text.ethernet_link_thread
                0x080095fc      0x11c ./LWIP/Target/ethernetif.o
                0x080095fc                ethernet_link_thread
 .text.HAL_ETH_RxAllocateCallback
                0x08009718       0x60 ./LWIP/Target/ethernetif.o
                0x08009718                HAL_ETH_RxAllocateCallback
 .text.HAL_ETH_RxLinkCallback
                0x08009778       0x80 ./LWIP/Target/ethernetif.o
                0x08009778                HAL_ETH_RxLinkCallback
 .text.HAL_ETH_TxFreeCallback
                0x080097f8       0x16 ./LWIP/Target/ethernetif.o
                0x080097f8                HAL_ETH_TxFreeCallback
 *fill*         0x0800980e        0x2 
 .text.__NVIC_SetPriority
                0x08009810       0x54 ./Middlewares/Third_Party/FreeRTOS/cmsis_os2.o
 .text.SVC_Setup
                0x08009864       0x12 ./Middlewares/Third_Party/FreeRTOS/cmsis_os2.o
 .text.IRQ_Context
                0x08009876       0x4e ./Middlewares/Third_Party/FreeRTOS/cmsis_os2.o
 .text.osKernelInitialize
                0x080098c4       0x4c ./Middlewares/Third_Party/FreeRTOS/cmsis_os2.o
                0x080098c4                osKernelInitialize
 .text.osKernelStart
                0x08009910       0x54 ./Middlewares/Third_Party/FreeRTOS/cmsis_os2.o
                0x08009910                osKernelStart
 .text.osKernelGetTickCount
                0x08009964       0x28 ./Middlewares/Third_Party/FreeRTOS/cmsis_os2.o
                0x08009964                osKernelGetTickCount
 .text.osThreadNew
                0x0800998c      0x122 ./Middlewares/Third_Party/FreeRTOS/cmsis_os2.o
                0x0800998c                osThreadNew
 .text.osDelay  0x08009aae       0x34 ./Middlewares/Third_Party/FreeRTOS/cmsis_os2.o
                0x08009aae                osDelay
 .text.osMutexNew
                0x08009ae2      0x10a ./Middlewares/Third_Party/FreeRTOS/cmsis_os2.o
                0x08009ae2                osMutexNew
 .text.osMutexAcquire
                0x08009bec       0x94 ./Middlewares/Third_Party/FreeRTOS/cmsis_os2.o
                0x08009bec                osMutexAcquire
 .text.osMutexRelease
                0x08009c80       0x78 ./Middlewares/Third_Party/FreeRTOS/cmsis_os2.o
                0x08009c80                osMutexRelease
 .text.osSemaphoreNew
                0x08009cf8      0x110 ./Middlewares/Third_Party/FreeRTOS/cmsis_os2.o
                0x08009cf8                osSemaphoreNew
 .text.osSemaphoreAcquire
                0x08009e08       0xa0 ./Middlewares/Third_Party/FreeRTOS/cmsis_os2.o
                0x08009e08                osSemaphoreAcquire
 .text.osSemaphoreRelease
                0x08009ea8       0x84 ./Middlewares/Third_Party/FreeRTOS/cmsis_os2.o
                0x08009ea8                osSemaphoreRelease
 .text.osSemaphoreDelete
                0x08009f2c       0x46 ./Middlewares/Third_Party/FreeRTOS/cmsis_os2.o
                0x08009f2c                osSemaphoreDelete
 .text.osMessageQueueNew
                0x08009f72       0xe4 ./Middlewares/Third_Party/FreeRTOS/cmsis_os2.o
                0x08009f72                osMessageQueueNew
 *fill*         0x0800a056        0x2 
 .text.osMessageQueuePut
                0x0800a058       0xbc ./Middlewares/Third_Party/FreeRTOS/cmsis_os2.o
                0x0800a058                osMessageQueuePut
 .text.osMessageQueueGet
                0x0800a114       0xb8 ./Middlewares/Third_Party/FreeRTOS/cmsis_os2.o
                0x0800a114                osMessageQueueGet
 .text.osMessageQueueGetCount
                0x0800a1cc       0x3e ./Middlewares/Third_Party/FreeRTOS/cmsis_os2.o
                0x0800a1cc                osMessageQueueGetCount
 .text.osMessageQueueDelete
                0x0800a20a       0x46 ./Middlewares/Third_Party/FreeRTOS/cmsis_os2.o
                0x0800a20a                osMessageQueueDelete
 .text.vApplicationGetIdleTaskMemory
                0x0800a250       0x34 ./Middlewares/Third_Party/FreeRTOS/cmsis_os2.o
                0x0800a250                vApplicationGetIdleTaskMemory
 .text.vApplicationGetTimerTaskMemory
                0x0800a284       0x34 ./Middlewares/Third_Party/FreeRTOS/cmsis_os2.o
                0x0800a284                vApplicationGetTimerTaskMemory
 .text.pvPortMalloc
                0x0800a2b8      0x198 ./Middlewares/Third_Party/FreeRTOS/heap_4.o
                0x0800a2b8                pvPortMalloc
 .text.vPortFree
                0x0800a450       0xb4 ./Middlewares/Third_Party/FreeRTOS/heap_4.o
                0x0800a450                vPortFree
 .text.prvHeapInit
                0x0800a504       0xb8 ./Middlewares/Third_Party/FreeRTOS/heap_4.o
 .text.prvInsertBlockIntoFreeList
                0x0800a5bc       0xb4 ./Middlewares/Third_Party/FreeRTOS/heap_4.o
 .text.vListInitialise
                0x0800a670       0x40 ./Middlewares/Third_Party/FreeRTOS/list.o
                0x0800a670                vListInitialise
 .text.vListInitialiseItem
                0x0800a6b0       0x1a ./Middlewares/Third_Party/FreeRTOS/list.o
                0x0800a6b0                vListInitialiseItem
 .text.vListInsert
                0x0800a6ca       0x72 ./Middlewares/Third_Party/FreeRTOS/list.o
                0x0800a6ca                vListInsert
 .text.uxListRemove
                0x0800a73c       0x54 ./Middlewares/Third_Party/FreeRTOS/list.o
                0x0800a73c                uxListRemove
 .text.pxPortInitialiseStack
                0x0800a790       0x68 ./Middlewares/Third_Party/FreeRTOS/port.o
                0x0800a790                pxPortInitialiseStack
 .text.prvTaskExitError
                0x0800a7f8       0x5c ./Middlewares/Third_Party/FreeRTOS/port.o
 *fill*         0x0800a854        0xc 
 .text.SVC_Handler
                0x0800a860       0x28 ./Middlewares/Third_Party/FreeRTOS/port.o
                0x0800a860                SVC_Handler
 .text.prvPortStartFirstTask
                0x0800a888       0x2c ./Middlewares/Third_Party/FreeRTOS/port.o
 .text.xPortStartScheduler
                0x0800a8b4      0x17c ./Middlewares/Third_Party/FreeRTOS/port.o
                0x0800a8b4                xPortStartScheduler
 .text.vPortEnterCritical
                0x0800aa30       0x64 ./Middlewares/Third_Party/FreeRTOS/port.o
                0x0800aa30                vPortEnterCritical
 .text.vPortExitCritical
                0x0800aa94       0x54 ./Middlewares/Third_Party/FreeRTOS/port.o
                0x0800aa94                vPortExitCritical
 *fill*         0x0800aae8        0x8 
 .text.PendSV_Handler
                0x0800aaf0       0x68 ./Middlewares/Third_Party/FreeRTOS/port.o
                0x0800aaf0                PendSV_Handler
 .text.xPortSysTickHandler
                0x0800ab58       0x44 ./Middlewares/Third_Party/FreeRTOS/port.o
                0x0800ab58                xPortSysTickHandler
 .text.vPortSetupTimerInterrupt
                0x0800ab9c       0x48 ./Middlewares/Third_Party/FreeRTOS/port.o
                0x0800ab9c                vPortSetupTimerInterrupt
 .text.vPortEnableVFP
                0x0800abe4       0x18 ./Middlewares/Third_Party/FreeRTOS/port.o
 .text.vPortValidateInterruptPriority
                0x0800abfc       0x84 ./Middlewares/Third_Party/FreeRTOS/port.o
                0x0800abfc                vPortValidateInterruptPriority
 .text.xQueueGenericReset
                0x0800ac80      0x124 ./Middlewares/Third_Party/FreeRTOS/queue.o
                0x0800ac80                xQueueGenericReset
 .text.xQueueGenericCreateStatic
                0x0800ada4       0xc2 ./Middlewares/Third_Party/FreeRTOS/queue.o
                0x0800ada4                xQueueGenericCreateStatic
 .text.xQueueGenericCreate
                0x0800ae66       0xa6 ./Middlewares/Third_Party/FreeRTOS/queue.o
                0x0800ae66                xQueueGenericCreate
 .text.prvInitialiseNewQueue
                0x0800af0c       0x46 ./Middlewares/Third_Party/FreeRTOS/queue.o
 .text.prvInitialiseMutex
                0x0800af52       0x34 ./Middlewares/Third_Party/FreeRTOS/queue.o
 .text.xQueueCreateMutex
                0x0800af86       0x30 ./Middlewares/Third_Party/FreeRTOS/queue.o
                0x0800af86                xQueueCreateMutex
 .text.xQueueCreateMutexStatic
                0x0800afb6       0x36 ./Middlewares/Third_Party/FreeRTOS/queue.o
                0x0800afb6                xQueueCreateMutexStatic
 .text.xQueueGiveMutexRecursive
                0x0800afec       0x6a ./Middlewares/Third_Party/FreeRTOS/queue.o
                0x0800afec                xQueueGiveMutexRecursive
 .text.xQueueTakeMutexRecursive
                0x0800b056       0x6e ./Middlewares/Third_Party/FreeRTOS/queue.o
                0x0800b056                xQueueTakeMutexRecursive
 .text.xQueueCreateCountingSemaphoreStatic
                0x0800b0c4       0x66 ./Middlewares/Third_Party/FreeRTOS/queue.o
                0x0800b0c4                xQueueCreateCountingSemaphoreStatic
 .text.xQueueCreateCountingSemaphore
                0x0800b12a       0x5e ./Middlewares/Third_Party/FreeRTOS/queue.o
                0x0800b12a                xQueueCreateCountingSemaphore
 .text.xQueueGenericSend
                0x0800b188      0x204 ./Middlewares/Third_Party/FreeRTOS/queue.o
                0x0800b188                xQueueGenericSend
 .text.xQueueGenericSendFromISR
                0x0800b38c      0x16c ./Middlewares/Third_Party/FreeRTOS/queue.o
                0x0800b38c                xQueueGenericSendFromISR
 .text.xQueueGiveFromISR
                0x0800b4f8      0x150 ./Middlewares/Third_Party/FreeRTOS/queue.o
                0x0800b4f8                xQueueGiveFromISR
 .text.xQueueReceive
                0x0800b648      0x1c4 ./Middlewares/Third_Party/FreeRTOS/queue.o
                0x0800b648                xQueueReceive
 .text.xQueueSemaphoreTake
                0x0800b80c      0x200 ./Middlewares/Third_Party/FreeRTOS/queue.o
                0x0800b80c                xQueueSemaphoreTake
 .text.xQueueReceiveFromISR
                0x0800ba0c      0x134 ./Middlewares/Third_Party/FreeRTOS/queue.o
                0x0800ba0c                xQueueReceiveFromISR
 .text.uxQueueMessagesWaiting
                0x0800bb40       0x3e ./Middlewares/Third_Party/FreeRTOS/queue.o
                0x0800bb40                uxQueueMessagesWaiting
 .text.uxQueueMessagesWaitingFromISR
                0x0800bb7e       0x3e ./Middlewares/Third_Party/FreeRTOS/queue.o
                0x0800bb7e                uxQueueMessagesWaitingFromISR
 .text.vQueueDelete
                0x0800bbbc       0x48 ./Middlewares/Third_Party/FreeRTOS/queue.o
                0x0800bbbc                vQueueDelete
 .text.prvGetDisinheritPriorityAfterTimeout
                0x0800bc04       0x30 ./Middlewares/Third_Party/FreeRTOS/queue.o
 .text.prvCopyDataToQueue
                0x0800bc34       0xd4 ./Middlewares/Third_Party/FreeRTOS/queue.o
 .text.prvCopyDataFromQueue
                0x0800bd08       0x4c ./Middlewares/Third_Party/FreeRTOS/queue.o
 .text.prvUnlockQueue
                0x0800bd54       0xa4 ./Middlewares/Third_Party/FreeRTOS/queue.o
 .text.prvIsQueueEmpty
                0x0800bdf8       0x2c ./Middlewares/Third_Party/FreeRTOS/queue.o
 .text.prvIsQueueFull
                0x0800be24       0x30 ./Middlewares/Third_Party/FreeRTOS/queue.o
 .text.vQueueAddToRegistry
                0x0800be54       0xa0 ./Middlewares/Third_Party/FreeRTOS/queue.o
                0x0800be54                vQueueAddToRegistry
 .text.vQueueUnregisterQueue
                0x0800bef4       0x74 ./Middlewares/Third_Party/FreeRTOS/queue.o
                0x0800bef4                vQueueUnregisterQueue
 .text.vQueueWaitForMessageRestricted
                0x0800bf68       0x68 ./Middlewares/Third_Party/FreeRTOS/queue.o
                0x0800bf68                vQueueWaitForMessageRestricted
 .text.xTaskCreateStatic
                0x0800bfd0       0xca ./Middlewares/Third_Party/FreeRTOS/tasks.o
                0x0800bfd0                xTaskCreateStatic
 .text.xTaskCreate
                0x0800c09a       0x94 ./Middlewares/Third_Party/FreeRTOS/tasks.o
                0x0800c09a                xTaskCreate
 *fill*         0x0800c12e        0x2 
 .text.prvInitialiseNewTask
                0x0800c130      0x14c ./Middlewares/Third_Party/FreeRTOS/tasks.o
 .text.prvAddNewTaskToReadyList
                0x0800c27c      0x130 ./Middlewares/Third_Party/FreeRTOS/tasks.o
 .text.vTaskDelay
                0x0800c3ac       0x6c ./Middlewares/Third_Party/FreeRTOS/tasks.o
                0x0800c3ac                vTaskDelay
 .text.vTaskStartScheduler
                0x0800c418       0xe8 ./Middlewares/Third_Party/FreeRTOS/tasks.o
                0x0800c418                vTaskStartScheduler
 .text.vTaskSuspendAll
                0x0800c500       0x1c ./Middlewares/Third_Party/FreeRTOS/tasks.o
                0x0800c500                vTaskSuspendAll
 .text.xTaskResumeAll
                0x0800c51c      0x1fc ./Middlewares/Third_Party/FreeRTOS/tasks.o
                0x0800c51c                xTaskResumeAll
 .text.xTaskGetTickCount
                0x0800c718       0x20 ./Middlewares/Third_Party/FreeRTOS/tasks.o
                0x0800c718                xTaskGetTickCount
 .text.xTaskGetTickCountFromISR
                0x0800c738       0x24 ./Middlewares/Third_Party/FreeRTOS/tasks.o
                0x0800c738                xTaskGetTickCountFromISR
 .text.uxTaskGetNumberOfTasks
                0x0800c75c       0x18 ./Middlewares/Third_Party/FreeRTOS/tasks.o
                0x0800c75c                uxTaskGetNumberOfTasks
 .text.xTaskIncrementTick
                0x0800c774      0x230 ./Middlewares/Third_Party/FreeRTOS/tasks.o
                0x0800c774                xTaskIncrementTick
 .text.vTaskSwitchContext
                0x0800c9a4       0xc8 ./Middlewares/Third_Party/FreeRTOS/tasks.o
                0x0800c9a4                vTaskSwitchContext
 .text.vTaskPlaceOnEventList
                0x0800ca6c       0x4c ./Middlewares/Third_Party/FreeRTOS/tasks.o
                0x0800ca6c                vTaskPlaceOnEventList
 .text.vTaskPlaceOnEventListRestricted
                0x0800cab8       0x8c ./Middlewares/Third_Party/FreeRTOS/tasks.o
                0x0800cab8                vTaskPlaceOnEventListRestricted
 .text.xTaskRemoveFromEventList
                0x0800cb44      0x1b0 ./Middlewares/Third_Party/FreeRTOS/tasks.o
                0x0800cb44                xTaskRemoveFromEventList
 .text.vTaskInternalSetTimeOutState
                0x0800ccf4       0x2c ./Middlewares/Third_Party/FreeRTOS/tasks.o
                0x0800ccf4                vTaskInternalSetTimeOutState
 .text.xTaskCheckForTimeOut
                0x0800cd20       0xd0 ./Middlewares/Third_Party/FreeRTOS/tasks.o
                0x0800cd20                xTaskCheckForTimeOut
 .text.vTaskMissedYield
                0x0800cdf0       0x18 ./Middlewares/Third_Party/FreeRTOS/tasks.o
                0x0800cdf0                vTaskMissedYield
 .text.prvIdleTask
                0x0800ce08       0x30 ./Middlewares/Third_Party/FreeRTOS/tasks.o
 .text.prvInitialiseTaskLists
                0x0800ce38       0x80 ./Middlewares/Third_Party/FreeRTOS/tasks.o
 .text.prvCheckTasksWaitingTermination
                0x0800ceb8       0x5c ./Middlewares/Third_Party/FreeRTOS/tasks.o
 .text.prvDeleteTCB
                0x0800cf14       0x70 ./Middlewares/Third_Party/FreeRTOS/tasks.o
 .text.prvResetNextTaskUnblockTime
                0x0800cf84       0x38 ./Middlewares/Third_Party/FreeRTOS/tasks.o
 .text.xTaskGetCurrentTaskHandle
                0x0800cfbc       0x20 ./Middlewares/Third_Party/FreeRTOS/tasks.o
                0x0800cfbc                xTaskGetCurrentTaskHandle
 .text.xTaskGetSchedulerState
                0x0800cfdc       0x3c ./Middlewares/Third_Party/FreeRTOS/tasks.o
                0x0800cfdc                xTaskGetSchedulerState
 .text.xTaskPriorityInherit
                0x0800d018      0x120 ./Middlewares/Third_Party/FreeRTOS/tasks.o
                0x0800d018                xTaskPriorityInherit
 .text.xTaskPriorityDisinherit
                0x0800d138      0x130 ./Middlewares/Third_Party/FreeRTOS/tasks.o
                0x0800d138                xTaskPriorityDisinherit
 .text.vTaskPriorityDisinheritAfterTimeout
                0x0800d268      0x158 ./Middlewares/Third_Party/FreeRTOS/tasks.o
                0x0800d268                vTaskPriorityDisinheritAfterTimeout
 .text.pvTaskIncrementMutexHeldCount
                0x0800d3c0       0x28 ./Middlewares/Third_Party/FreeRTOS/tasks.o
                0x0800d3c0                pvTaskIncrementMutexHeldCount
 .text.prvAddCurrentTaskToDelayedList
                0x0800d3e8       0xdc ./Middlewares/Third_Party/FreeRTOS/tasks.o
 .text.xTimerCreateTimerTask
                0x0800d4c4       0x94 ./Middlewares/Third_Party/FreeRTOS/timers.o
                0x0800d4c4                xTimerCreateTimerTask
 .text.prvReloadTimer
                0x0800d558       0x42 ./Middlewares/Third_Party/FreeRTOS/timers.o
 *fill*         0x0800d59a        0x2 
 .text.prvProcessExpiredTimer
                0x0800d59c       0x60 ./Middlewares/Third_Party/FreeRTOS/timers.o
 .text.prvTimerTask
                0x0800d5fc       0x26 ./Middlewares/Third_Party/FreeRTOS/timers.o
 *fill*         0x0800d622        0x2 
 .text.prvProcessTimerOrBlockTask
                0x0800d624       0x9c ./Middlewares/Third_Party/FreeRTOS/timers.o
 .text.prvGetNextExpireTime
                0x0800d6c0       0x48 ./Middlewares/Third_Party/FreeRTOS/timers.o
 .text.prvSampleTimeNow
                0x0800d708       0x40 ./Middlewares/Third_Party/FreeRTOS/timers.o
 .text.prvInsertTimerInActiveList
                0x0800d748       0x84 ./Middlewares/Third_Party/FreeRTOS/timers.o
 .text.prvProcessReceivedCommands
                0x0800d7cc      0x1bc ./Middlewares/Third_Party/FreeRTOS/timers.o
 .text.prvSwitchTimerLists
                0x0800d988       0x4c ./Middlewares/Third_Party/FreeRTOS/timers.o
 .text.prvCheckForValidListAndQueue
                0x0800d9d4       0x80 ./Middlewares/Third_Party/FreeRTOS/timers.o
 .text.netconn_apimsg
                0x0800da54       0x3a ./Middlewares/Third_Party/LwIP/api_lib.o
 *fill*         0x0800da8e        0x2 
 .text.netconn_new_with_proto_and_callback
                0x0800da90       0xf4 ./Middlewares/Third_Party/LwIP/api_lib.o
                0x0800da90                netconn_new_with_proto_and_callback
 .text.netconn_prepare_delete
                0x0800db84       0x48 ./Middlewares/Third_Party/LwIP/api_lib.o
                0x0800db84                netconn_prepare_delete
 .text.netconn_delete
                0x0800dbcc       0x36 ./Middlewares/Third_Party/LwIP/api_lib.o
                0x0800dbcc                netconn_delete
 *fill*         0x0800dc02        0x2 
 .text.netconn_getaddr
                0x0800dc04       0x68 ./Middlewares/Third_Party/LwIP/api_lib.o
                0x0800dc04                netconn_getaddr
 .text.netconn_bind
                0x0800dc6c       0x58 ./Middlewares/Third_Party/LwIP/api_lib.o
                0x0800dc6c                netconn_bind
 .text.netconn_listen_with_backlog
                0x0800dcc4       0x40 ./Middlewares/Third_Party/LwIP/api_lib.o
                0x0800dcc4                netconn_listen_with_backlog
 .text.netconn_accept
                0x0800dd04       0xea ./Middlewares/Third_Party/LwIP/api_lib.o
                0x0800dd04                netconn_accept
 *fill*         0x0800ddee        0x2 
 .text.netconn_recv_data
                0x0800ddf0      0x16c ./Middlewares/Third_Party/LwIP/api_lib.o
 .text.netconn_tcp_recvd_msg
                0x0800df5c       0x48 ./Middlewares/Third_Party/LwIP/api_lib.o
 .text.netconn_tcp_recvd
                0x0800dfa4       0x42 ./Middlewares/Third_Party/LwIP/api_lib.o
                0x0800dfa4                netconn_tcp_recvd
 .text.netconn_recv_data_tcp
                0x0800dfe6      0x108 ./Middlewares/Third_Party/LwIP/api_lib.o
 .text.netconn_recv_tcp_pbuf_flags
                0x0800e0ee       0x3c ./Middlewares/Third_Party/LwIP/api_lib.o
                0x0800e0ee                netconn_recv_tcp_pbuf_flags
 .text.netconn_recv_udp_raw_netbuf_flags
                0x0800e12a       0x3c ./Middlewares/Third_Party/LwIP/api_lib.o
                0x0800e12a                netconn_recv_udp_raw_netbuf_flags
 *fill*         0x0800e166        0x2 
 .text.netconn_send
                0x0800e168       0x40 ./Middlewares/Third_Party/LwIP/api_lib.o
                0x0800e168                netconn_send
 .text.netconn_write_partly
                0x0800e1a8       0x34 ./Middlewares/Third_Party/LwIP/api_lib.o
                0x0800e1a8                netconn_write_partly
 .text.netconn_write_vectors_partly
                0x0800e1dc      0x14c ./Middlewares/Third_Party/LwIP/api_lib.o
                0x0800e1dc                netconn_write_vectors_partly
 .text.netconn_close_shutdown
                0x0800e328       0x48 ./Middlewares/Third_Party/LwIP/api_lib.o
 .text.netconn_err
                0x0800e370       0x36 ./Middlewares/Third_Party/LwIP/api_lib.o
                0x0800e370                netconn_err
 *fill*         0x0800e3a6        0x2 
 .text.lwip_netconn_err_to_msg
                0x0800e3a8       0x6c ./Middlewares/Third_Party/LwIP/api_msg.o
 .text.lwip_netconn_is_err_msg
                0x0800e414       0x74 ./Middlewares/Third_Party/LwIP/api_msg.o
                0x0800e414                lwip_netconn_is_err_msg
 .text.recv_udp
                0x0800e488      0x100 ./Middlewares/Third_Party/LwIP/api_msg.o
 .text.recv_tcp
                0x0800e588      0x10c ./Middlewares/Third_Party/LwIP/api_msg.o
 .text.poll_tcp
                0x0800e694       0xc8 ./Middlewares/Third_Party/LwIP/api_msg.o
 .text.sent_tcp
                0x0800e75c       0xa8 ./Middlewares/Third_Party/LwIP/api_msg.o
 .text.err_tcp  0x0800e804      0x1ac ./Middlewares/Third_Party/LwIP/api_msg.o
 .text.setup_tcp
                0x0800e9b0       0x50 ./Middlewares/Third_Party/LwIP/api_msg.o
 .text.accept_function
                0x0800ea00      0x178 ./Middlewares/Third_Party/LwIP/api_msg.o
 .text.pcb_new  0x0800eb78       0xd4 ./Middlewares/Third_Party/LwIP/api_msg.o
 .text.lwip_netconn_do_newconn
                0x0800ec4c       0x2a ./Middlewares/Third_Party/LwIP/api_msg.o
                0x0800ec4c                lwip_netconn_do_newconn
 *fill*         0x0800ec76        0x2 
 .text.netconn_alloc
                0x0800ec78       0xdc ./Middlewares/Third_Party/LwIP/api_msg.o
                0x0800ec78                netconn_alloc
 .text.netconn_free
                0x0800ed54       0x94 ./Middlewares/Third_Party/LwIP/api_msg.o
                0x0800ed54                netconn_free
 .text.netconn_drain
                0x0800ede8       0xfa ./Middlewares/Third_Party/LwIP/api_msg.o
 *fill*         0x0800eee2        0x2 
 .text.lwip_netconn_do_close_internal
                0x0800eee4      0x2d4 ./Middlewares/Third_Party/LwIP/api_msg.o
 .text.lwip_netconn_do_delconn
                0x0800f1b8      0x1c8 ./Middlewares/Third_Party/LwIP/api_msg.o
                0x0800f1b8                lwip_netconn_do_delconn
 .text.lwip_netconn_do_bind
                0x0800f380       0x74 ./Middlewares/Third_Party/LwIP/api_msg.o
                0x0800f380                lwip_netconn_do_bind
 .text.lwip_netconn_do_listen
                0x0800f3f4      0x130 ./Middlewares/Third_Party/LwIP/api_msg.o
                0x0800f3f4                lwip_netconn_do_listen
 .text.lwip_netconn_do_send
                0x0800f524       0x9a ./Middlewares/Third_Party/LwIP/api_msg.o
                0x0800f524                lwip_netconn_do_send
 .text.lwip_netconn_do_recv
                0x0800f5be       0x6a ./Middlewares/Third_Party/LwIP/api_msg.o
                0x0800f5be                lwip_netconn_do_recv
 .text.lwip_netconn_do_writemore
                0x0800f628      0x398 ./Middlewares/Third_Party/LwIP/api_msg.o
 .text.lwip_netconn_do_write
                0x0800f9c0      0x118 ./Middlewares/Third_Party/LwIP/api_msg.o
                0x0800f9c0                lwip_netconn_do_write
 .text.lwip_netconn_do_getaddr
                0x0800fad8      0x10c ./Middlewares/Third_Party/LwIP/api_msg.o
                0x0800fad8                lwip_netconn_do_getaddr
 .text.lwip_netconn_do_close
                0x0800fbe4      0x118 ./Middlewares/Third_Party/LwIP/api_msg.o
                0x0800fbe4                lwip_netconn_do_close
 .text.lwip_htons
                0x0800fcfc       0x2c ./Middlewares/Third_Party/LwIP/def.o
                0x0800fcfc                lwip_htons
 .text.lwip_htonl
                0x0800fd28       0x32 ./Middlewares/Third_Party/LwIP/def.o
                0x0800fd28                lwip_htonl
 *fill*         0x0800fd5a        0x2 
 .text.err_to_errno
                0x0800fd5c       0x3c ./Middlewares/Third_Party/LwIP/err.o
                0x0800fd5c                err_to_errno
 .text.etharp_free_entry
                0x0800fd98       0x64 ./Middlewares/Third_Party/LwIP/etharp.o
 .text.etharp_tmr
                0x0800fdfc      0x150 ./Middlewares/Third_Party/LwIP/etharp.o
                0x0800fdfc                etharp_tmr
 .text.etharp_find_entry
                0x0800ff4c      0x2f0 ./Middlewares/Third_Party/LwIP/etharp.o
 .text.etharp_update_arp_entry
                0x0801023c      0x14c ./Middlewares/Third_Party/LwIP/etharp.o
 .text.etharp_cleanup_netif
                0x08010388       0x60 ./Middlewares/Third_Party/LwIP/etharp.o
                0x08010388                etharp_cleanup_netif
 .text.etharp_input
                0x080103e8      0x114 ./Middlewares/Third_Party/LwIP/etharp.o
                0x080103e8                etharp_input
 .text.etharp_output_to_arp_index
                0x080104fc      0x134 ./Middlewares/Third_Party/LwIP/etharp.o
 .text.etharp_output
                0x08010630      0x204 ./Middlewares/Third_Party/LwIP/etharp.o
                0x08010630                etharp_output
 .text.etharp_query
                0x08010834      0x2b4 ./Middlewares/Third_Party/LwIP/etharp.o
                0x08010834                etharp_query
 .text.etharp_raw
                0x08010ae8      0x118 ./Middlewares/Third_Party/LwIP/etharp.o
 .text.etharp_request_dst
                0x08010c00       0x44 ./Middlewares/Third_Party/LwIP/etharp.o
 .text.etharp_request
                0x08010c44       0x24 ./Middlewares/Third_Party/LwIP/etharp.o
                0x08010c44                etharp_request
 .text.ethernet_input
                0x08010c68      0x11c ./Middlewares/Third_Party/LwIP/ethernet.o
                0x08010c68                ethernet_input
 .text.ethernet_output
                0x08010d84       0x90 ./Middlewares/Third_Party/LwIP/ethernet.o
                0x08010d84                ethernet_output
 .text.icmp_input
                0x08010e14      0x244 ./Middlewares/Third_Party/LwIP/icmp.o
                0x08010e14                icmp_input
 .text.icmp_dest_unreach
                0x08011058       0x20 ./Middlewares/Third_Party/LwIP/icmp.o
                0x08011058                icmp_dest_unreach
 .text.icmp_time_exceeded
                0x08011078       0x20 ./Middlewares/Third_Party/LwIP/icmp.o
                0x08011078                icmp_time_exceeded
 .text.icmp_send_response
                0x08011098       0xfc ./Middlewares/Third_Party/LwIP/icmp.o
 .text.lwip_standard_chksum
                0x08011194       0xba ./Middlewares/Third_Party/LwIP/inet_chksum.o
                0x08011194                lwip_standard_chksum
 .text.inet_chksum
                0x0801124e       0x24 ./Middlewares/Third_Party/LwIP/inet_chksum.o
                0x0801124e                inet_chksum
 .text.inet_chksum_pbuf
                0x08011272       0x9a ./Middlewares/Third_Party/LwIP/inet_chksum.o
                0x08011272                inet_chksum_pbuf
 .text.lwip_init
                0x0801130c       0x2e ./Middlewares/Third_Party/LwIP/init.o
                0x0801130c                lwip_init
 *fill*         0x0801133a        0x2 
 .text.ip4_route
                0x0801133c       0xe0 ./Middlewares/Third_Party/LwIP/ip4.o
                0x0801133c                ip4_route
 .text.ip4_input_accept
                0x0801141c       0x54 ./Middlewares/Third_Party/LwIP/ip4.o
 .text.ip4_input
                0x08011470      0x248 ./Middlewares/Third_Party/LwIP/ip4.o
                0x08011470                ip4_input
 .text.ip4_output_if
                0x080116b8       0x54 ./Middlewares/Third_Party/LwIP/ip4.o
                0x080116b8                ip4_output_if
 .text.ip4_output_if_src
                0x0801170c      0x15c ./Middlewares/Third_Party/LwIP/ip4.o
                0x0801170c                ip4_output_if_src
 .text.ip4_addr_isbroadcast_u32
                0x08011868       0x82 ./Middlewares/Third_Party/LwIP/ip4_addr.o
                0x08011868                ip4_addr_isbroadcast_u32
 *fill*         0x080118ea        0x2 
 .text.ip_reass_tmr
                0x080118ec       0x58 ./Middlewares/Third_Party/LwIP/ip4_frag.o
                0x080118ec                ip_reass_tmr
 .text.ip_reass_free_complete_datagram
                0x08011944      0x148 ./Middlewares/Third_Party/LwIP/ip4_frag.o
 .text.ip_reass_remove_oldest_datagram
                0x08011a8c       0xc4 ./Middlewares/Third_Party/LwIP/ip4_frag.o
 .text.ip_reass_enqueue_new_datagram
                0x08011b50       0x74 ./Middlewares/Third_Party/LwIP/ip4_frag.o
 .text.ip_reass_dequeue_datagram
                0x08011bc4       0x5c ./Middlewares/Third_Party/LwIP/ip4_frag.o
 .text.ip_reass_chain_frag_into_datagram_and_validate
                0x08011c20      0x2d4 ./Middlewares/Third_Party/LwIP/ip4_frag.o
 .text.ip4_reass
                0x08011ef4      0x338 ./Middlewares/Third_Party/LwIP/ip4_frag.o
                0x08011ef4                ip4_reass
 .text.ip_frag_alloc_pbuf_custom_ref
                0x0801222c       0x10 ./Middlewares/Third_Party/LwIP/ip4_frag.o
 .text.ip_frag_free_pbuf_custom_ref
                0x0801223c       0x38 ./Middlewares/Third_Party/LwIP/ip4_frag.o
 .text.ipfrag_free_pbuf_custom
                0x08012274       0x68 ./Middlewares/Third_Party/LwIP/ip4_frag.o
 .text.ip4_frag
                0x080122dc      0x278 ./Middlewares/Third_Party/LwIP/ip4_frag.o
                0x080122dc                ip4_frag
 .text.ptr_to_mem
                0x08012554       0x24 ./Middlewares/Third_Party/LwIP/mem.o
 .text.mem_to_ptr
                0x08012578       0x24 ./Middlewares/Third_Party/LwIP/mem.o
 .text.plug_holes
                0x0801259c      0x144 ./Middlewares/Third_Party/LwIP/mem.o
 .text.mem_init
                0x080126e0       0x9c ./Middlewares/Third_Party/LwIP/mem.o
                0x080126e0                mem_init
 .text.mem_link_valid
                0x0801277c       0x78 ./Middlewares/Third_Party/LwIP/mem.o
 .text.mem_free
                0x080127f4      0x120 ./Middlewares/Third_Party/LwIP/mem.o
                0x080127f4                mem_free
 .text.mem_trim
                0x08012914      0x214 ./Middlewares/Third_Party/LwIP/mem.o
                0x08012914                mem_trim
 .text.mem_malloc
                0x08012b28      0x20c ./Middlewares/Third_Party/LwIP/mem.o
                0x08012b28                mem_malloc
 .text.memp_init_pool
                0x08012d34       0x60 ./Middlewares/Third_Party/LwIP/memp.o
                0x08012d34                memp_init_pool
 .text.memp_init
                0x08012d94       0x34 ./Middlewares/Third_Party/LwIP/memp.o
                0x08012d94                memp_init
 .text.do_memp_malloc_pool
                0x08012dc8       0x64 ./Middlewares/Third_Party/LwIP/memp.o
 .text.memp_malloc_pool
                0x08012e2c       0x44 ./Middlewares/Third_Party/LwIP/memp.o
                0x08012e2c                memp_malloc_pool
 .text.memp_malloc
                0x08012e70       0x34 ./Middlewares/Third_Party/LwIP/memp.o
                0x08012e70                memp_malloc
 .text.do_memp_free_pool
                0x08012ea4       0x58 ./Middlewares/Third_Party/LwIP/memp.o
 .text.memp_free_pool
                0x08012efc       0x48 ./Middlewares/Third_Party/LwIP/memp.o
                0x08012efc                memp_free_pool
 .text.memp_free
                0x08012f44       0x38 ./Middlewares/Third_Party/LwIP/memp.o
                0x08012f44                memp_free
 .text.netbuf_delete
                0x08012f7c       0x3e ./Middlewares/Third_Party/LwIP/netbuf.o
                0x08012f7c                netbuf_delete
 .text.netbuf_free
                0x08012fba       0x34 ./Middlewares/Third_Party/LwIP/netbuf.o
                0x08012fba                netbuf_free
 .text.netbuf_ref
                0x08012fee       0x7a ./Middlewares/Third_Party/LwIP/netbuf.o
                0x08012fee                netbuf_ref
 .text.netif_init
                0x08013068        0xe ./Middlewares/Third_Party/LwIP/netif.o
                0x08013068                netif_init
 *fill*         0x08013076        0x2 
 .text.netif_add
                0x08013078      0x178 ./Middlewares/Third_Party/LwIP/netif.o
                0x08013078                netif_add
 .text.netif_do_ip_addr_changed
                0x080131f0       0x22 ./Middlewares/Third_Party/LwIP/netif.o
 *fill*         0x08013212        0x2 
 .text.netif_do_set_ipaddr
                0x08013214       0x94 ./Middlewares/Third_Party/LwIP/netif.o
 .text.netif_do_set_netmask
                0x080132a8       0x3e ./Middlewares/Third_Party/LwIP/netif.o
 .text.netif_do_set_gw
                0x080132e6       0x3e ./Middlewares/Third_Party/LwIP/netif.o
 .text.netif_set_addr
                0x08013324       0x94 ./Middlewares/Third_Party/LwIP/netif.o
                0x08013324                netif_set_addr
 .text.netif_set_default
                0x080133b8       0x20 ./Middlewares/Third_Party/LwIP/netif.o
                0x080133b8                netif_set_default
 .text.netif_set_up
                0x080133d8       0x3c ./Middlewares/Third_Party/LwIP/netif.o
                0x080133d8                netif_set_up
 .text.netif_issue_reports
                0x08013414       0x80 ./Middlewares/Third_Party/LwIP/netif.o
 .text.netif_set_down
                0x08013494       0x48 ./Middlewares/Third_Party/LwIP/netif.o
                0x08013494                netif_set_down
 .text.netif_set_link_up
                0x080134dc       0x4c ./Middlewares/Third_Party/LwIP/netif.o
                0x080134dc                netif_set_link_up
 .text.netif_set_link_down
                0x08013528       0x44 ./Middlewares/Third_Party/LwIP/netif.o
                0x08013528                netif_set_link_down
 .text.netif_set_link_callback
                0x0801356c       0x22 ./Middlewares/Third_Party/LwIP/netif.o
                0x0801356c                netif_set_link_callback
 .text.netif_null_output_ip4
                0x0801358e       0x1c ./Middlewares/Third_Party/LwIP/netif.o
 *fill*         0x080135aa        0x2 
 .text.netif_get_by_index
                0x080135ac       0x4c ./Middlewares/Third_Party/LwIP/netif.o
                0x080135ac                netif_get_by_index
 .text.netif_find
                0x080135f8       0x84 ./Middlewares/Third_Party/LwIP/netif.o
                0x080135f8                netif_find
 .text.pbuf_free_ooseq
                0x0801367c       0x4c ./Middlewares/Third_Party/LwIP/pbuf.o
 .text.pbuf_free_ooseq_callback
                0x080136c8       0x14 ./Middlewares/Third_Party/LwIP/pbuf.o
 .text.pbuf_pool_is_empty
                0x080136dc       0x54 ./Middlewares/Third_Party/LwIP/pbuf.o
 .text.pbuf_init_alloced_pbuf
                0x08013730       0x54 ./Middlewares/Third_Party/LwIP/pbuf.o
 .text.pbuf_alloc
                0x08013784      0x1ec ./Middlewares/Third_Party/LwIP/pbuf.o
                0x08013784                pbuf_alloc
 .text.pbuf_alloc_reference
                0x08013970       0x68 ./Middlewares/Third_Party/LwIP/pbuf.o
                0x08013970                pbuf_alloc_reference
 .text.pbuf_alloced_custom
                0x080139d8       0x68 ./Middlewares/Third_Party/LwIP/pbuf.o
                0x080139d8                pbuf_alloced_custom
 .text.pbuf_realloc
                0x08013a40      0x128 ./Middlewares/Third_Party/LwIP/pbuf.o
                0x08013a40                pbuf_realloc
 .text.pbuf_add_header_impl
                0x08013b68       0xd0 ./Middlewares/Third_Party/LwIP/pbuf.o
 .text.pbuf_add_header
                0x08013c38       0x1e ./Middlewares/Third_Party/LwIP/pbuf.o
                0x08013c38                pbuf_add_header
 *fill*         0x08013c56        0x2 
 .text.pbuf_remove_header
                0x08013c58       0x90 ./Middlewares/Third_Party/LwIP/pbuf.o
                0x08013c58                pbuf_remove_header
 .text.pbuf_header_impl
                0x08013ce8       0x42 ./Middlewares/Third_Party/LwIP/pbuf.o
 .text.pbuf_header_force
                0x08013d2a       0x24 ./Middlewares/Third_Party/LwIP/pbuf.o
                0x08013d2a                pbuf_header_force
 .text.pbuf_free_header
                0x08013d4e       0x66 ./Middlewares/Third_Party/LwIP/pbuf.o
                0x08013d4e                pbuf_free_header
 .text.pbuf_free
                0x08013db4      0x11c ./Middlewares/Third_Party/LwIP/pbuf.o
                0x08013db4                pbuf_free
 .text.pbuf_clen
                0x08013ed0       0x2e ./Middlewares/Third_Party/LwIP/pbuf.o
                0x08013ed0                pbuf_clen
 *fill*         0x08013efe        0x2 
 .text.pbuf_ref
                0x08013f00       0x50 ./Middlewares/Third_Party/LwIP/pbuf.o
                0x08013f00                pbuf_ref
 .text.pbuf_cat
                0x08013f50       0xb0 ./Middlewares/Third_Party/LwIP/pbuf.o
                0x08013f50                pbuf_cat
 .text.pbuf_chain
                0x08014000       0x20 ./Middlewares/Third_Party/LwIP/pbuf.o
                0x08014000                pbuf_chain
 .text.pbuf_copy
                0x08014020       0x2e ./Middlewares/Third_Party/LwIP/pbuf.o
                0x08014020                pbuf_copy
 *fill*         0x0801404e        0x2 
 .text.pbuf_copy_partial_pbuf
                0x08014050      0x1a8 ./Middlewares/Third_Party/LwIP/pbuf.o
                0x08014050                pbuf_copy_partial_pbuf
 .text.pbuf_copy_partial
                0x080141f8       0xb8 ./Middlewares/Third_Party/LwIP/pbuf.o
                0x080141f8                pbuf_copy_partial
 .text.pbuf_clone
                0x080142b0       0x64 ./Middlewares/Third_Party/LwIP/pbuf.o
                0x080142b0                pbuf_clone
 .text.tryget_socket_unconn_nouse
                0x08014314       0x34 ./Middlewares/Third_Party/LwIP/sockets.o
 .text.tryget_socket_unconn
                0x08014348       0x1a ./Middlewares/Third_Party/LwIP/sockets.o
 .text.tryget_socket_unconn_locked
                0x08014362       0x1a ./Middlewares/Third_Party/LwIP/sockets.o
 .text.tryget_socket
                0x0801437c       0x2c ./Middlewares/Third_Party/LwIP/sockets.o
 .text.get_socket
                0x080143a8       0x30 ./Middlewares/Third_Party/LwIP/sockets.o
 .text.alloc_socket
                0x080143d8       0xd8 ./Middlewares/Third_Party/LwIP/sockets.o
 .text.free_socket_locked
                0x080144b0       0x38 ./Middlewares/Third_Party/LwIP/sockets.o
 .text.free_socket_free_elements
                0x080144e8       0x44 ./Middlewares/Third_Party/LwIP/sockets.o
 .text.free_socket
                0x0801452c       0x44 ./Middlewares/Third_Party/LwIP/sockets.o
 .text.lwip_accept
                0x08014570      0x218 ./Middlewares/Third_Party/LwIP/sockets.o
                0x08014570                lwip_accept
 .text.lwip_bind
                0x08014788       0xc0 ./Middlewares/Third_Party/LwIP/sockets.o
                0x08014788                lwip_bind
 .text.lwip_close
                0x08014848       0xb4 ./Middlewares/Third_Party/LwIP/sockets.o
                0x08014848                lwip_close
 .text.lwip_listen
                0x080148fc       0x94 ./Middlewares/Third_Party/LwIP/sockets.o
                0x080148fc                lwip_listen
 .text.lwip_recv_tcp
                0x08014990      0x218 ./Middlewares/Third_Party/LwIP/sockets.o
 .text.lwip_sock_make_addr
                0x08014ba8       0xdc ./Middlewares/Third_Party/LwIP/sockets.o
 .text.lwip_recv_tcp_from
                0x08014c84       0x64 ./Middlewares/Third_Party/LwIP/sockets.o
 .text.lwip_recvfrom_udp_raw
                0x08014ce8      0x194 ./Middlewares/Third_Party/LwIP/sockets.o
 .text.lwip_recvfrom
                0x08014e7c      0x11c ./Middlewares/Third_Party/LwIP/sockets.o
                0x08014e7c                lwip_recvfrom
 .text.lwip_recv
                0x08014f98       0x2c ./Middlewares/Third_Party/LwIP/sockets.o
                0x08014f98                lwip_recv
 .text.lwip_send
                0x08014fc4       0xc4 ./Middlewares/Third_Party/LwIP/sockets.o
                0x08014fc4                lwip_send
 .text.lwip_sendto
                0x08015088      0x14c ./Middlewares/Third_Party/LwIP/sockets.o
                0x08015088                lwip_sendto
 .text.lwip_socket
                0x080151d4       0xbc ./Middlewares/Third_Party/LwIP/sockets.o
                0x080151d4                lwip_socket
 .text.lwip_link_select_cb
                0x08015290       0x44 ./Middlewares/Third_Party/LwIP/sockets.o
 .text.lwip_unlink_select_cb
                0x080152d4       0x90 ./Middlewares/Third_Party/LwIP/sockets.o
 .text.lwip_selscan
                0x08015364      0x2e4 ./Middlewares/Third_Party/LwIP/sockets.o
 .text.lwip_select
                0x08015648      0x414 ./Middlewares/Third_Party/LwIP/sockets.o
                0x08015648                lwip_select
 .text.lwip_poll_should_wake
                0x08015a5c       0x86 ./Middlewares/Third_Party/LwIP/sockets.o
 *fill*         0x08015ae2        0x2 
 .text.event_callback
                0x08015ae4      0x178 ./Middlewares/Third_Party/LwIP/sockets.o
 .text.select_check_waiters
                0x08015c5c      0x11c ./Middlewares/Third_Party/LwIP/sockets.o
 .text.lwip_getaddrname
                0x08015d78       0xd0 ./Middlewares/Third_Party/LwIP/sockets.o
 .text.lwip_getpeername
                0x08015e48       0x22 ./Middlewares/Third_Party/LwIP/sockets.o
                0x08015e48                lwip_getpeername
 .text.lwip_getsockname
                0x08015e6a       0x22 ./Middlewares/Third_Party/LwIP/sockets.o
                0x08015e6a                lwip_getsockname
 .text.lwip_sockopt_to_ipopt
                0x08015e8c       0x54 ./Middlewares/Third_Party/LwIP/sockets.o
 .text.lwip_setsockopt
                0x08015ee0       0x80 ./Middlewares/Third_Party/LwIP/sockets.o
                0x08015ee0                lwip_setsockopt
 .text.lwip_setsockopt_impl
                0x08015f60      0x348 ./Middlewares/Third_Party/LwIP/sockets.o
 .text.lwip_fcntl
                0x080162a8      0x114 ./Middlewares/Third_Party/LwIP/sockets.o
                0x080162a8                lwip_fcntl
 .text.sys_mbox_new
                0x080163bc       0x34 ./Middlewares/Third_Party/LwIP/sys_arch.o
                0x080163bc                sys_mbox_new
 .text.sys_mbox_free
                0x080163f0       0x24 ./Middlewares/Third_Party/LwIP/sys_arch.o
                0x080163f0                sys_mbox_free
 .text.sys_mbox_trypost
                0x08016414       0x34 ./Middlewares/Third_Party/LwIP/sys_arch.o
                0x08016414                sys_mbox_trypost
 .text.sys_arch_mbox_fetch
                0x08016448       0x62 ./Middlewares/Third_Party/LwIP/sys_arch.o
                0x08016448                sys_arch_mbox_fetch
 .text.sys_arch_mbox_tryfetch
                0x080164aa       0x2e ./Middlewares/Third_Party/LwIP/sys_arch.o
                0x080164aa                sys_arch_mbox_tryfetch
 .text.sys_mbox_valid
                0x080164d8       0x22 ./Middlewares/Third_Party/LwIP/sys_arch.o
                0x080164d8                sys_mbox_valid
 .text.sys_mbox_set_invalid
                0x080164fa       0x1a ./Middlewares/Third_Party/LwIP/sys_arch.o
                0x080164fa                sys_mbox_set_invalid
 .text.sys_sem_new
                0x08016514       0x4a ./Middlewares/Third_Party/LwIP/sys_arch.o
                0x08016514                sys_sem_new
 .text.sys_arch_sem_wait
                0x0801655e       0x62 ./Middlewares/Third_Party/LwIP/sys_arch.o
                0x0801655e                sys_arch_sem_wait
 .text.sys_sem_signal
                0x080165c0       0x1a ./Middlewares/Third_Party/LwIP/sys_arch.o
                0x080165c0                sys_sem_signal
 .text.sys_sem_free
                0x080165da       0x1a ./Middlewares/Third_Party/LwIP/sys_arch.o
                0x080165da                sys_sem_free
 .text.sys_sem_valid
                0x080165f4       0x22 ./Middlewares/Third_Party/LwIP/sys_arch.o
                0x080165f4                sys_sem_valid
 .text.sys_sem_set_invalid
                0x08016616       0x1a ./Middlewares/Third_Party/LwIP/sys_arch.o
                0x08016616                sys_sem_set_invalid
 .text.sys_init
                0x08016630       0x1c ./Middlewares/Third_Party/LwIP/sys_arch.o
                0x08016630                sys_init
 .text.sys_mutex_new
                0x0801664c       0x30 ./Middlewares/Third_Party/LwIP/sys_arch.o
                0x0801664c                sys_mutex_new
 .text.sys_mutex_lock
                0x0801667c       0x1e ./Middlewares/Third_Party/LwIP/sys_arch.o
                0x0801667c                sys_mutex_lock
 .text.sys_mutex_unlock
                0x0801669a       0x1a ./Middlewares/Third_Party/LwIP/sys_arch.o
                0x0801669a                sys_mutex_unlock
 .text.sys_thread_new
                0x080166b4       0x40 ./Middlewares/Third_Party/LwIP/sys_arch.o
                0x080166b4                sys_thread_new
 .text.sys_arch_protect
                0x080166f4       0x1c ./Middlewares/Third_Party/LwIP/sys_arch.o
                0x080166f4                sys_arch_protect
 .text.sys_arch_unprotect
                0x08016710       0x20 ./Middlewares/Third_Party/LwIP/sys_arch.o
                0x08016710                sys_arch_unprotect
 .text.tcp_init
                0x08016730       0x24 ./Middlewares/Third_Party/LwIP/tcp.o
                0x08016730                tcp_init
 .text.tcp_free
                0x08016754       0x38 ./Middlewares/Third_Party/LwIP/tcp.o
                0x08016754                tcp_free
 .text.tcp_free_listen
                0x0801678c       0x38 ./Middlewares/Third_Party/LwIP/tcp.o
 .text.tcp_tmr  0x080167c4       0x2c ./Middlewares/Third_Party/LwIP/tcp.o
                0x080167c4                tcp_tmr
 .text.tcp_remove_listener
                0x080167f0       0x54 ./Middlewares/Third_Party/LwIP/tcp.o
 .text.tcp_listen_closed
                0x08016844       0x74 ./Middlewares/Third_Party/LwIP/tcp.o
 .text.tcp_close_shutdown
                0x080168b8      0x1c4 ./Middlewares/Third_Party/LwIP/tcp.o
 .text.tcp_close_shutdown_fin
                0x08016a7c       0xd4 ./Middlewares/Third_Party/LwIP/tcp.o
 .text.tcp_close
                0x08016b50       0x3c ./Middlewares/Third_Party/LwIP/tcp.o
                0x08016b50                tcp_close
 .text.tcp_shutdown
                0x08016b8c       0x9c ./Middlewares/Third_Party/LwIP/tcp.o
                0x08016b8c                tcp_shutdown
 .text.tcp_abandon
                0x08016c28      0x168 ./Middlewares/Third_Party/LwIP/tcp.o
                0x08016c28                tcp_abandon
 .text.tcp_abort
                0x08016d90       0x18 ./Middlewares/Third_Party/LwIP/tcp.o
                0x08016d90                tcp_abort
 .text.tcp_bind
                0x08016da8      0x104 ./Middlewares/Third_Party/LwIP/tcp.o
                0x08016da8                tcp_bind
 .text.tcp_bind_netif
                0x08016eac       0x32 ./Middlewares/Third_Party/LwIP/tcp.o
                0x08016eac                tcp_bind_netif
 *fill*         0x08016ede        0x2 
 .text.tcp_accept_null
                0x08016ee0       0x40 ./Middlewares/Third_Party/LwIP/tcp.o
 .text.tcp_listen_with_backlog_and_err
                0x08016f20      0x128 ./Middlewares/Third_Party/LwIP/tcp.o
                0x08016f20                tcp_listen_with_backlog_and_err
 .text.tcp_update_rcv_ann_wnd
                0x08017048       0xb4 ./Middlewares/Third_Party/LwIP/tcp.o
                0x08017048                tcp_update_rcv_ann_wnd
 .text.tcp_recved
                0x080170fc       0x8c ./Middlewares/Third_Party/LwIP/tcp.o
                0x080170fc                tcp_recved
 .text.tcp_new_port
                0x08017188       0x8c ./Middlewares/Third_Party/LwIP/tcp.o
 .text.tcp_slowtmr
                0x08017214      0x684 ./Middlewares/Third_Party/LwIP/tcp.o
                0x08017214                tcp_slowtmr
 .text.tcp_fasttmr
                0x08017898       0xc8 ./Middlewares/Third_Party/LwIP/tcp.o
                0x08017898                tcp_fasttmr
 .text.tcp_process_refused_data
                0x08017960       0xde ./Middlewares/Third_Party/LwIP/tcp.o
                0x08017960                tcp_process_refused_data
 .text.tcp_segs_free
                0x08017a3e       0x2a ./Middlewares/Third_Party/LwIP/tcp.o
                0x08017a3e                tcp_segs_free
 .text.tcp_seg_free
                0x08017a68       0x30 ./Middlewares/Third_Party/LwIP/tcp.o
                0x08017a68                tcp_seg_free
 .text.tcp_seg_copy
                0x08017a98       0x58 ./Middlewares/Third_Party/LwIP/tcp.o
                0x08017a98                tcp_seg_copy
 .text.tcp_recv_null
                0x08017af0       0x50 ./Middlewares/Third_Party/LwIP/tcp.o
                0x08017af0                tcp_recv_null
 .text.tcp_kill_prio
                0x08017b40       0x9c ./Middlewares/Third_Party/LwIP/tcp.o
 .text.tcp_kill_state
                0x08017bdc       0x94 ./Middlewares/Third_Party/LwIP/tcp.o
 .text.tcp_kill_timewait
                0x08017c70       0x60 ./Middlewares/Third_Party/LwIP/tcp.o
 .text.tcp_handle_closepend
                0x08017cd0       0x4c ./Middlewares/Third_Party/LwIP/tcp.o
 .text.tcp_alloc
                0x08017d1c      0x108 ./Middlewares/Third_Party/LwIP/tcp.o
                0x08017d1c                tcp_alloc
 .text.tcp_new_ip_type
                0x08017e24       0x1c ./Middlewares/Third_Party/LwIP/tcp.o
                0x08017e24                tcp_new_ip_type
 .text.tcp_arg  0x08017e40       0x22 ./Middlewares/Third_Party/LwIP/tcp.o
                0x08017e40                tcp_arg
 *fill*         0x08017e62        0x2 
 .text.tcp_recv
                0x08017e64       0x44 ./Middlewares/Third_Party/LwIP/tcp.o
                0x08017e64                tcp_recv
 .text.tcp_sent
                0x08017ea8       0x44 ./Middlewares/Third_Party/LwIP/tcp.o
                0x08017ea8                tcp_sent
 .text.tcp_err  0x08017eec       0x44 ./Middlewares/Third_Party/LwIP/tcp.o
                0x08017eec                tcp_err
 .text.tcp_accept